{
  "dmesg": "[    0.000000] Initializing cgroup subsys cpuset\n[    0.000000] Initializing cgroup subsys cpu\n[    0.000000] Initializing cgroup subsys cpuacct\n[    0.000000] Linux version 4.4.35-33.55.amzn1.x86_64 (mockbuild@gobi-build-60006) (gcc version 4.8.3 20140911 (Red Hat 4.8.3-9) (GCC) ) #1 SMP Tue Dec 6 20:30:04 UTC 2016\n[    0.000000] Command line: root=LABEL=/ console=tty1 console=ttyS0 LANG=en_US.UTF-8 KEYTABLE=us\n[    0.000000] x86/fpu: xstate_offset[2]:  576, xstate_sizes[2]:  256\n[    0.000000] x86/fpu: Supporting XSAVE feature 0x01: 'x87 floating point registers'\n[    0.000000] x86/fpu: Supporting XSAVE feature 0x02: 'SSE registers'\n[    0.000000] x86/fpu: Supporting XSAVE feature 0x04: 'AVX registers'\n[    0.000000] x86/fpu: Enabled xstate features 0x7, context size is 832 bytes, using 'standard' format.\n[    0.000000] x86/fpu: Using 'eager' FPU context switches.\n[    0.000000] e820: BIOS-provided physical RAM map:\n[    0.000000] BIOS-e820: [mem 0x0000000000000000-0x000000000009dfff] usable\n[    0.000000] BIOS-e820: [mem 0x000000000009e000-0x000000000009ffff] reserved\n[    0.000000] BIOS-e820: [mem 0x00000000000e0000-0x00000000000fffff] reserved\n[    0.000000] BIOS-e820: [mem 0x0000000000100000-0x00000000efffffff] usable\n[    0.000000] BIOS-e820: [mem 0x00000000fc000000-0x00000000ffffffff] reserved\n[    0.000000] NX (Execute Disable) protection: active\n[    0.000000] SMBIOS 2.4 present.\n[    0.000000] DMI: Xen HVM domU, BIOS 4.2.amazon 11/11/2016\n[    0.000000] Hypervisor detected: Xen\n[    0.000000] Xen version 4.2.\n[    0.000000] Xen Platform PCI: I/O protocol version 1\n[    0.000000] Netfront and the Xen platform PCI driver have been compiled for this kernel: unplug emulated NICs.\n[    0.000000] Blkfront and the Xen platform PCI driver have been compiled for this kernel: unplug emulated disks.\n[    0.000000] You might have to change the root device\n[    0.000000] from /dev/hd[a-d] to /dev/xvd[a-d]\n[    0.000000] in your root= kernel command line option\n[    0.000000] HVMOP_pagetable_dying not supported\n[    0.000000] e820: update [mem 0x00000000-0x00000fff] usable ==> reserved\n[    0.000000] e820: remove [mem 0x000a0000-0x000fffff] usable\n[    0.000000] e820: last_pfn = 0xf0000 max_arch_pfn = 0x400000000\n[    0.000000] MTRR default type: write-back\n[    0.000000] MTRR fixed ranges enabled:\n[    0.000000]   00000-9FFFF write-back\n[    0.000000]   A0000-BFFFF write-combining\n[    0.000000]   C0000-FFFFF write-back\n[    0.000000] MTRR variable ranges enabled:\n[    0.000000]   0 base 0000F0000000 mask 3FFFF8000000 uncachable\n[    0.000000]   1 base 0000F8000000 mask 3FFFFC000000 uncachable\n[    0.000000]   2 disabled\n[    0.000000]   3 disabled\n[    0.000000]   4 disabled\n[    0.000000]   5 disabled\n[    0.000000]   6 disabled\n[    0.000000]   7 disabled\n[    0.000000] x86/PAT: Configuration [0-7]: WB  WC  UC- UC  WB  WC  UC- WT  \n[    0.000000] found SMP MP-table at [mem 0x000fbc80-0x000fbc8f] mapped at [ffff8800000fbc80]\n[    0.000000] Base memory trampoline at [ffff880000098000] 98000 size 24576\n[    0.000000] Using GB pages for direct mapping\n[    0.000000] BRK [0x01db3000, 0x01db3fff] PGTABLE\n[    0.000000] BRK [0x01db4000, 0x01db4fff] PGTABLE\n[    0.000000] BRK [0x01db5000, 0x01db5fff] PGTABLE\n[    0.000000] BRK [0x01db6000, 0x01db6fff] PGTABLE\n[    0.000000] RAMDISK: [mem 0x36e8e000-0x37feffff]\n[    0.000000] ACPI: Early table checksum verification disabled\n[    0.000000] ACPI: RSDP 0x00000000000EA020 000024 (v02 Xen   )\n[    0.000000] ACPI: XSDT 0x00000000FC00DDC0 000054 (v01 Xen    HVM      00000000 HVML 00000000)\n[    0.000000] ACPI: FACP 0x00000000FC00DA80 0000F4 (v04 Xen    HVM      00000000 HVML 00000000)\n[    0.000000] ACPI: DSDT 0x00000000FC001CE0 00BD19 (v02 Xen    HVM      00000000 INTL 20090123)\n[    0.000000] ACPI: FACS 0x00000000FC001CA0 000040\n[    0.000000] ACPI: FACS 0x00000000FC001CA0 000040\n[    0.000000] ACPI: APIC 0x00000000FC00DB80 0000D8 (v02 Xen    HVM      00000000 HVML 00000000)\n[    0.000000] ACPI: HPET 0x00000000FC00DCD0 000038 (v01 Xen    HVM      00000000 HVML 00000000)\n[    0.000000] ACPI: WAET 0x00000000FC00DD10 000028 (v01 Xen    HVM      00000000 HVML 00000000)\n[    0.000000] ACPI: SSDT 0x00000000FC00DD40 000031 (v02 Xen    HVM      00000000 INTL 20090123)\n[    0.000000] ACPI: SSDT 0x00000000FC00DD80 000031 (v02 Xen    HVM      00000000 INTL 20090123)\n[    0.000000] ACPI: Local APIC address 0xfee00000\n[    0.000000] No NUMA configuration found\n[    0.000000] Faking a node at [mem 0x0000000000000000-0x00000000efffffff]\n[    0.000000] NODE_DATA(0) allocated [mem 0xeffde000-0xefffffff]\n[    0.000000] Zone ranges:\n[    0.000000]   DMA      [mem 0x0000000000001000-0x0000000000ffffff]\n[    0.000000]   DMA32    [mem 0x0000000001000000-0x00000000efffffff]\n[    0.000000]   Normal   empty\n[    0.000000] Movable zone start for each node\n[    0.000000] Early memory node ranges\n[    0.000000]   node   0: [mem 0x0000000000001000-0x000000000009dfff]\n[    0.000000]   node   0: [mem 0x0000000000100000-0x00000000efffffff]\n[    0.000000] Initmem setup node 0 [mem 0x0000000000001000-0x00000000efffffff]\n[    0.000000] On node 0 totalpages: 982941\n[    0.000000]   DMA zone: 64 pages used for memmap\n[    0.000000]   DMA zone: 21 pages reserved\n[    0.000000]   DMA zone: 3997 pages, LIFO batch:0\n[    0.000000]   DMA32 zone: 15296 pages used for memmap\n[    0.000000]   DMA32 zone: 978944 pages, LIFO batch:31\n[    0.000000] ACPI: PM-Timer IO Port: 0xb008\n[    0.000000] ACPI: Local APIC address 0xfee00000\n[    0.000000] IOAPIC[0]: apic_id 1, version 17, address 0xfec00000, GSI 0-47\n[    0.000000] ACPI: INT_SRC_OVR (bus 0 bus_irq 0 global_irq 2 dfl dfl)\n[    0.000000] ACPI: INT_SRC_OVR (bus 0 bus_irq 5 global_irq 5 low level)\n[    0.000000] ACPI: INT_SRC_OVR (bus 0 bus_irq 10 global_irq 10 low level)\n[    0.000000] ACPI: INT_SRC_OVR (bus 0 bus_irq 11 global_irq 11 low level)\n[    0.000000] ACPI: IRQ0 used by override.\n[    0.000000] ACPI: IRQ5 used by override.\n[    0.000000] ACPI: IRQ9 used by override.\n[    0.000000] ACPI: IRQ10 used by override.\n[    0.000000] ACPI: IRQ11 used by override.\n[    0.000000] Using ACPI (MADT) for SMP configuration information\n[    0.000000] ACPI: HPET id: 0x8086a201 base: 0xfed00000\n[    0.000000] smpboot: Allowing 15 CPUs, 13 hotplug CPUs\n[    0.000000] e820: [mem 0xf0000000-0xfbffffff] available for PCI devices\n[    0.000000] Booting paravirtualized kernel on Xen HVM\n[    0.000000] clocksource: refined-jiffies: mask: 0xffffffff max_cycles: 0xffffffff, max_idle_ns: 7645519600211568 ns\n[    0.000000] setup_percpu: NR_CPUS:128 nr_cpumask_bits:128 nr_cpu_ids:15 nr_node_ids:1\n[    0.000000] PERCPU: Embedded 32 pages/cpu @ffff8800efc00000 s91416 r8192 d31464 u131072\n[    0.000000] pcpu-alloc: s91416 r8192 d31464 u131072 alloc=1*2097152\n[    0.000000] pcpu-alloc: [0] 00 01 02 03 04 05 06 07 08 09 10 11 12 13 14 -- \n[    0.000000] xen: PV spinlocks enabled\n[    0.000000] PV qspinlock hash table entries: 256 (order: 0, 4096 bytes)\n[    0.000000] Built 1 zonelists in Node order, mobility grouping on.  Total pages: 967560\n[    0.000000] Policy zone: DMA32\n[    0.000000] Kernel command line: root=LABEL=/ console=tty1 console=ttyS0 LANG=en_US.UTF-8 KEYTABLE=us\n[    0.000000] PID hash table entries: 4096 (order: 3, 32768 bytes)\n[    0.000000] Memory: 3836076K/3931764K available (5007K kernel code, 985K rwdata, 2440K rodata, 1188K init, 1580K bss, 95688K reserved, 0K cma-reserved)\n[    0.000000] SLUB: HWalign=64, Order=0-3, MinObjects=0, CPUs=15, Nodes=1\n[    0.000000] Hierarchical RCU implementation.\n[    0.000000] \tBuild-time adjustment of leaf fanout to 64.\n[    0.000000] \tRCU restricting CPUs from NR_CPUS=128 to nr_cpu_ids=15.\n[    0.000000] RCU: Adjusting geometry for rcu_fanout_leaf=64, nr_cpu_ids=15\n[    0.000000] NR_IRQS:8448 nr_irqs:952 16\n[    0.000000] xen:events: Using 2-level ABI\n[    0.000000] xen:events: Xen HVM callback vector for event delivery is enabled\n[    0.000000] Console: colour VGA+ 80x25\n[    0.000000] console [tty1] enabled\n[    0.000000] Cannot get hvm parameter CONSOLE_EVTCHN (18): -22!\n[    0.000000] console [ttyS0] enabled\n[    0.000000] clocksource: hpet: mask: 0xffffffff max_cycles: 0xffffffff, max_idle_ns: 30580167144 ns\n[    0.000000] hpet clockevent registered\n[    0.000000] tsc: Detected 2900.098 MHz processor\n[    0.008000] Calibrating delay loop (skipped), value calculated using timer frequency.. 5800.19 BogoMIPS (lpj=11600392)\n[    0.009775] pid_max: default: 32768 minimum: 301\n[    0.012008] ACPI: Core revision 20150930\n[    0.020267] ACPI: 3 ACPI AML tables successfully acquired and loaded\n[    0.024023] Security Framework initialized\n[    0.026446] Dentry cache hash table entries: 524288 (order: 10, 4194304 bytes)\n[    0.028583] Inode-cache hash table entries: 262144 (order: 9, 2097152 bytes)\n[    0.032248] Mount-cache hash table entries: 8192 (order: 4, 65536 bytes)\n[    0.036005] Mountpoint-cache hash table entries: 8192 (order: 4, 65536 bytes)\n[    0.040157] Initializing cgroup subsys io\n[    0.042353] Initializing cgroup subsys memory\n[    0.044007] Initializing cgroup subsys devices\n[    0.048002] Initializing cgroup subsys freezer\n[    0.050340] Initializing cgroup subsys net_cls\n[    0.052002] Initializing cgroup subsys perf_event\n[    0.054401] Initializing cgroup subsys net_prio\n[    0.056004] Initializing cgroup subsys hugetlb\n[    0.058306] Initializing cgroup subsys pids\n[    0.060048] CPU: Physical Processor ID: 0\n[    0.064747] mce: CPU supports 2 MCE banks\n[    0.066975] Last level iTLB entries: 4KB 1024, 2MB 1024, 4MB 1024\n[    0.068002] Last level dTLB entries: 4KB 1024, 2MB 1024, 4MB 1024, 1GB 4\n[    0.072858] Freeing SMP alternatives memory: 20K (ffffffff81c21000 - ffffffff81c26000)\n[    0.081392] ftrace: allocating 20574 entries in 81 pages\n[    0.096596] x2apic: IRQ remapping doesn't support X2APIC mode\n[    0.100003] Switched APIC routing to physical flat.\n[    0.105858] ..TIMER: vector=0x30 apic1=0 pin1=2 apic2=0 pin2=0\n[    0.149374] clocksource: xen: mask: 0xffffffffffffffff max_cycles: 0x1cd42e4dffb, max_idle_ns: 881590591483 ns\n[    0.152005] Xen: using vcpuop timer interface\n[    0.152009] installing Xen timer for CPU 0\n[    0.156035] smpboot: CPU0: Intel(R) Xeon(R) CPU E5-2666 v3 @ 2.90GHz (family: 0x6, model: 0x3f, stepping: 0x2)\n[    0.161298] cpu 0 spinlock event irq 53\n[    0.163439] Performance Events: unsupported p6 CPU model 63 no PMU driver, software events only.\n[    0.167836] installing Xen timer for CPU 1\n[    0.168046] x86: Booting SMP configuration:\n[    0.170308] .... node  #0, CPUs:        #1cpu 1 spinlock event irq 59\n[    0.176027] x86: Booted up 1 node, 2 CPUs\n[    0.178246] smpboot: Total of 2 processors activated (11600.39 BogoMIPS)\n[    0.180332] devtmpfs: initialized\n[    0.184006] clocksource: jiffies: mask: 0xffffffff max_cycles: 0xffffffff, max_idle_ns: 7645041785100000 ns\n[    0.188141] NET: Registered protocol family 16\n[    0.200010] cpuidle: using governor ladder\n[    0.212005] cpuidle: using governor menu\n[    0.214394] ACPI: bus type PCI registered\n[    0.216009] acpiphp: ACPI Hot Plug PCI Controller Driver version: 0.5\n[    0.219406] PCI: Using configuration type 1 for base access\n[    0.232096] ACPI: Added _OSI(Module Device)\n[    0.234379] ACPI: Added _OSI(Processor Device)\n[    0.236005] ACPI: Added _OSI(3.0 _SCP Extensions)\n[    0.238545] ACPI: Added _OSI(Processor Aggregator Device)\n[    0.241211] xen: --> pirq=16 -> irq=9 (gsi=9)\n[    0.243987] ACPI: Interpreter enabled\n[    0.244012] ACPI: (supports S0 S3 S5)\n[    0.246121] ACPI: Using IOAPIC for interrupt routing\n[    0.248033] PCI: Using host bridge windows from ACPI; if necessary, use \"pci=nocrs\" and report a bug\n[    0.292105] ACPI: PCI Root Bridge [PCI0] (domain 0000 [bus 00-ff])\n[    0.295238] acpi PNP0A03:00: _OSC: OS supports [Segments MSI]\n[    0.296009] acpi PNP0A03:00: _OSC failed (AE_NOT_FOUND); disabling ASPM\n[    0.299214] acpi PNP0A03:00: fail to add MMCONFIG information, can't access extended PCI configuration space under this bridge.\n[    0.300833] acpiphp: Slot [0] registered\n[    0.303695] acpiphp: Slot [3] registered\n[    0.304253] acpiphp: Slot [4] registered\n[    0.306721] acpiphp: Slot [5] registered\n[    0.308235] acpiphp: Slot [6] registered\n[    0.310614] acpiphp: Slot [7] registered\n[    0.312262] acpiphp: Slot [8] registered\n[    0.314804] acpiphp: Slot [9] registered\n[    0.316224] acpiphp: Slot [10] registered\n[    0.318615] acpiphp: Slot [11] registered\n[    0.320244] acpiphp: Slot [12] registered\n[    0.322760] acpiphp: Slot [13] registered\n[    0.324234] acpiphp: Slot [14] registered\n[    0.326677] acpiphp: Slot [15] registered\n[    0.328225] acpiphp: Slot [16] registered\n[    0.330691] acpiphp: Slot [17] registered\n[    0.332223] acpiphp: Slot [18] registered\n[    0.334630] acpiphp: Slot [19] registered\n[    0.336229] acpiphp: Slot [20] registered\n[    0.338699] acpiphp: Slot [21] registered\n[    0.340233] acpiphp: Slot [22] registered\n[    0.342662] acpiphp: Slot [23] registered\n[    0.344225] acpiphp: Slot [24] registered\n[    0.346646] acpiphp: Slot [25] registered\n[    0.348229] acpiphp: Slot [26] registered\n[    0.350628] acpiphp: Slot [27] registered\n[    0.352238] acpiphp: Slot [28] registered\n[    0.354754] acpiphp: Slot [29] registered\n[    0.356236] acpiphp: Slot [30] registered\n[    0.358730] acpiphp: Slot [31] registered\n[    0.360232] PCI host bridge to bus 0000:00\n[    0.362439] pci_bus 0000:00: root bus resource [io  0x0000-0x0cf7 window]\n[    0.364004] pci_bus 0000:00: root bus resource [io  0x0d00-0xffff window]\n[    0.367287] pci_bus 0000:00: root bus resource [mem 0x000a0000-0x000bffff window]\n[    0.368004] pci_bus 0000:00: root bus resource [mem 0xf0000000-0xfbffffff window]\n[    0.371870] pci_bus 0000:00: root bus resource [bus 00-ff]\n[    0.372110] pci 0000:00:00.0: [8086:1237] type 00 class 0x060000\n[    0.373360] pci 0000:00:01.0: [8086:7000] type 00 class 0x060100\n[    0.375139] pci 0000:00:01.1: [8086:7010] type 00 class 0x010180\n[    0.376000] pci 0000:00:01.1: reg 0x20: [io  0xc100-0xc10f]\n[    0.376344] pci 0000:00:01.1: legacy IDE quirk: reg 0x10: [io  0x01f0-0x01f7]\n[    0.379821] pci 0000:00:01.1: legacy IDE quirk: reg 0x14: [io  0x03f6]\n[    0.380004] pci 0000:00:01.1: legacy IDE quirk: reg 0x18: [io  0x0170-0x0177]\n[    0.383420] pci 0000:00:01.1: legacy IDE quirk: reg 0x1c: [io  0x0376]\n[    0.384489] pci 0000:00:01.3: [8086:7113] type 00 class 0x068000\n[    0.384564] * Found PM-Timer Bug on the chipset. Due to workarounds for a bug,\n[    0.384564] * this clock source is slow. Consider trying other clock sources\n[    0.388907] pci 0000:00:01.3: quirk: [io  0xb000-0xb03f] claimed by PIIX4 ACPI\n[    0.392707] pci 0000:00:02.0: [1013:00b8] type 00 class 0x030000\n[    0.392984] pci 0000:00:02.0: reg 0x10: [mem 0xf0000000-0xf1ffffff pref]\n[    0.393165] pci 0000:00:02.0: reg 0x14: [mem 0xf3008000-0xf3008fff]\n[    0.394633] pci 0000:00:03.0: [8086:10ed] type 00 class 0x020000\n[    0.395275] pci 0000:00:03.0: reg 0x10: [mem 0xf3000000-0xf3003fff 64bit pref]\n[    0.395778] pci 0000:00:03.0: reg 0x1c: [mem 0xf3004000-0xf3007fff 64bit pref]\n[    0.397533] pci 0000:00:1f.0: [5853:0001] type 00 class 0xff8000\n[    0.397870] pci 0000:00:1f.0: reg 0x10: [io  0xc000-0xc0ff]\n[    0.398043] pci 0000:00:1f.0: reg 0x14: [mem 0xf2000000-0xf2ffffff pref]\n[    0.399534] ACPI: PCI Interrupt Link [LNKA] (IRQs *5 10 11)\n[    0.402566] ACPI: PCI Interrupt Link [LNKB] (IRQs 5 *10 11)\n[    0.406515] ACPI: PCI Interrupt Link [LNKC] (IRQs 5 10 *11)\n[    0.410665] ACPI: PCI Interrupt Link [LNKD] (IRQs *5 10 11)\n[    0.427421] ACPI: Enabled 2 GPEs in block 00 to 0F\n[    0.428073] xen:balloon: Initialising balloon driver\n[    0.432054] vgaarb: setting as boot device: PCI:0000:00:02.0\n[    0.434921] vgaarb: device added: PCI:0000:00:02.0,decodes=io+mem,owns=io+mem,locks=none\n[    0.440029] vgaarb: loaded\n[    0.441707] vgaarb: bridge control possible 0000:00:02.0\n[    0.444491] PCI: Using ACPI for IRQ routing\n[    0.446736] PCI: pci_cache_line_size set to 64 bytes\n[    0.447095] e820: reserve RAM buffer [mem 0x0009e000-0x0009ffff]\n[    0.447225] NetLabel: Initializing\n[    0.448007] NetLabel:  domain hash size = 128\n[    0.450390] NetLabel:  protocols = UNLABELED CIPSOv4\n[    0.452018] NetLabel:  unlabeled traffic allowed by default\n[    0.456005] HPET: 3 timers in total, 0 timers will be used for per-cpu timer\n[    0.460017] hpet0: at MMIO 0xfed00000, IRQs 2, 8, 0\n[    0.463951] hpet0: 3 comparators, 64-bit 62.500000 MHz counter\n[    0.468015] amd_nb: Cannot enumerate AMD northbridges\n[    0.472038] clocksource: Switched to clocksource xen\n[    0.479360] pnp: PnP ACPI init\n[    0.481227] system 00:00: [mem 0x00000000-0x0009ffff] could not be reserved\n[    0.484616] system 00:00: Plug and Play ACPI device, IDs PNP0c02 (active)\n[    0.484689] system 00:01: [io  0x08a0-0x08a3] has been reserved\n[    0.487638] system 00:01: [io  0x0cc0-0x0ccf] has been reserved\n[    0.490616] system 00:01: [io  0x04d0-0x04d1] has been reserved\n[    0.493565] system 00:01: Plug and Play ACPI device, IDs PNP0c02 (active)\n[    0.493586] xen: --> pirq=17 -> irq=8 (gsi=8)\n[    0.493606] pnp 00:02: Plug and Play ACPI device, IDs PNP0b00 (active)\n[    0.493633] xen: --> pirq=18 -> irq=12 (gsi=12)\n[    0.493653] pnp 00:03: Plug and Play ACPI device, IDs PNP0f13 (active)\n[    0.493677] xen: --> pirq=19 -> irq=1 (gsi=1)\n[    0.493698] pnp 00:04: Plug and Play ACPI device, IDs PNP0303 PNP030b (active)\n[    0.493722] xen: --> pirq=20 -> irq=6 (gsi=6)\n[    0.493725] pnp 00:05: [dma 2]\n[    0.493743] pnp 00:05: Plug and Play ACPI device, IDs PNP0700 (active)\n[    0.493772] xen: --> pirq=21 -> irq=4 (gsi=4)\n[    0.493789] pnp 00:06: Plug and Play ACPI device, IDs PNP0501 (active)\n[    0.493839] system 00:07: [io  0x10c0-0x1141] has been reserved\n[    0.496805] system 00:07: [io  0xb044-0xb047] has been reserved\n[    0.499712] system 00:07: Plug and Play ACPI device, IDs PNP0c02 (active)\n[    0.512400] pnp: PnP ACPI: found 8 devices\n[    0.521309] clocksource: acpi_pm: mask: 0xffffff max_cycles: 0xffffff, max_idle_ns: 2085701024 ns\n[    0.525712] pci_bus 0000:00: resource 4 [io  0x0000-0x0cf7 window]\n[    0.525714] pci_bus 0000:00: resource 5 [io  0x0d00-0xffff window]\n[    0.525715] pci_bus 0000:00: resource 6 [mem 0x000a0000-0x000bffff window]\n[    0.525717] pci_bus 0000:00: resource 7 [mem 0xf0000000-0xfbffffff window]\n[    0.525749] NET: Registered protocol family 2\n[    0.528216] TCP established hash table entries: 32768 (order: 6, 262144 bytes)\n[    0.531973] TCP bind hash table entries: 32768 (order: 7, 524288 bytes)\n[    0.535230] TCP: Hash tables configured (established 32768 bind 32768)\n[    0.538413] UDP hash table entries: 2048 (order: 4, 65536 bytes)\n[    0.541408] UDP-Lite hash table entries: 2048 (order: 4, 65536 bytes)\n[    0.544630] NET: Registered protocol family 1\n[    0.546909] pci 0000:00:00.0: Limiting direct PCI/PCI transfers\n[    0.549900] pci 0000:00:01.0: PIIX3: Enabling Passive Release\n[    0.552818] pci 0000:00:01.0: Activating ISA DMA hang workarounds\n[    0.555874] pci 0000:00:02.0: Video device with shadowed ROM\n[    0.555962] PCI: CLS 0 bytes, default 64\n[    0.556010] Unpacking initramfs...\n[    0.780875] Freeing initrd memory: 17800K (ffff880036e8e000 - ffff880037ff0000)\n[    0.784807] RAPL PMU detected, API unit is 2^-32 Joules, 3 fixed counters 655360 ms ovfl timer\n[    0.789155] hw unit of domain pp0-core 2^-14 Joules\n[    0.791744] hw unit of domain package 2^-14 Joules\n[    0.794329] hw unit of domain dram 2^-16 Joules\n[    0.797425] futex hash table entries: 4096 (order: 6, 262144 bytes)\n[    0.800516] audit: initializing netlink subsys (disabled)\n[    0.803316] audit: type=2000 audit(1489261696.623:1): initialized\n[    0.806519] Initialise system trusted keyring\n[    0.809010] HugeTLB registered 2 MB page size, pre-allocated 0 pages\n[    0.814193] VFS: Disk quotas dquot_6.6.0\n[    0.816423] VFS: Dquot-cache hash table entries: 512 (order 0, 4096 bytes)\n[    0.820455] Key type asymmetric registered\n[    0.822691] Asymmetric key parser 'x509' registered\n[    0.825324] Block layer SCSI generic (bsg) driver version 0.4 loaded (major 254)\n[    0.829152] io scheduler noop registered (default)\n[    0.831692] pci_hotplug: PCI Hot Plug PCI Core version: 0.5\n[    0.834604] intel_idle: does not run on family 6 model 63\n[    0.834978] xen: --> pirq=22 -> irq=47 (gsi=47)\n[    0.835043] xen:grant_table: Grant tables using version 1 layout\n[    0.838048] Grant table initialized\n[    0.840088] Cannot get hvm parameter CONSOLE_EVTCHN (18): -22!\n[    0.843071] Serial: 8250/16550 driver, 4 ports, IRQ sharing disabled\n[    0.871545] 00:06: ttyS0 at I/O 0x3f8 (irq = 4, base_baud = 115200) is a 16550A\n[    0.876134] xen_netfront: Initialising Xen virtual ethernet driver\n[    0.879223] i8042: PNP: PS/2 Controller [PNP0303:PS2K,PNP0f13:PS2M] at 0x60,0x64 irq 1,12\n[    0.884779] serio: i8042 KBD port at 0x60,0x64 irq 1\n[    0.887378] serio: i8042 AUX port at 0x60,0x64 irq 12\n[    0.890070] hidraw: raw HID events driver (C) Jiri Kosina\n[    0.893724] input: AT Translated Set 2 keyboard as /devices/platform/i8042/serio0/input/input0\n[    0.898218] NET: Registered protocol family 17\n[    0.900977] registered taskstats version 1\n[    0.903283] Loading compiled-in X.509 certificates\n[    0.906786] Loaded X.509 cert 'Build time autogenerated kernel key: 937e5ca248d402904964aa335148e77741a7cf6d'\n[    0.912524] zswap: default zpool zbud not available\n[    0.915108] zswap: pool creation failed\n[    0.921692] blkfront: xvda: barrier or flush: disabled; persistent grants: enabled; indirect descriptors: enabled;\n[    0.949294]  xvda: xvda1\n[    1.016087] xenbus_probe_frontend: Device with no driver: device/vfb/0\n[    1.019357] xenbus_probe_frontend: Device with no driver: device/pci/0\n[    1.023674] Freeing unused kernel memory: 1188K (ffffffff81af8000 - ffffffff81c21000)\n[    1.027642] Write protecting the kernel read-only data: 10240k\n[    1.030941] Freeing unused kernel memory: 1124K (ffff8800014e7000 - ffff880001600000)\n[    1.037908] Freeing unused kernel memory: 1656K (ffff880001862000 - ffff880001a00000)\n[    1.054196] dm_mod: module verification failed: signature and/or required key missing - tainting kernel\n[    1.059453] device-mapper: uevent: version 1.0.3\n[    1.062012] device-mapper: ioctl: 4.34.0-ioctl (2015-10-28) initialised: dm-devel@redhat.com\n[    1.071563] udevd[799]: starting version 173\n[    1.102980] SCSI subsystem initialized\n[    1.133656] libata version 3.00 loaded.\n[    1.133933] ata_piix 0000:00:01.1: version 2.13\n[    1.149527] scsi host0: ata_piix\n[    1.151794] scsi host1: ata_piix\n[    1.153880] ata1: PATA max MWDMA2 cmd 0x1f0 ctl 0x3f6 bmdma 0xc100 irq 14\n[    1.158136] ata2: PATA max MWDMA2 cmd 0x170 ctl 0x376 bmdma 0xc108 irq 15\n[    1.368580] EXT4-fs (xvda1): mounted filesystem with ordered data mode. Opts: (null)\n[    1.432483] dracut: Remounting /dev/disk/by-label/\\x2f with -o noatime,ro\n[    1.439288] EXT4-fs (xvda1): mounted filesystem with ordered data mode. Opts: (null)\n[    1.444877] dracut: Mounted root filesystem /dev/xvda1\n[    1.523236] dracut: Loading SELinux policy\n[    1.796102] tsc: Refined TSC clocksource calibration: 2899.996 MHz\n[    1.799242] clocksource: tsc: mask: 0xffffffffffffffff max_cycles: 0x29cd3f11233, max_idle_ns: 440795209838 ns\n[    1.940861] dracut: /sbin/load_policy: Can't load policy: No such device\n[    2.004756] dracut: Switching root\n[    2.388277] random: nonblocking pool is initialized\n[    5.774725] udevd[1558]: starting version 173\n[    6.110657] ixgbevf: Intel(R) 10 Gigabit PCI Express Virtual Function Network Driver - version 2.14.2+amzn\n[    6.116889] Copyright (c) 2009-2014 Intel Corporation.\n[    6.119896] input: ImExPS/2 Generic Explorer Mouse as /devices/platform/i8042/serio1/input/input3\n[    6.121057] input: Power Button as /devices/LNXSYSTM:00/LNXPWRBN:00/input/input4\n[    6.121059] ACPI: Power Button [PWRF]\n[    6.121101] input: Sleep Button as /devices/LNXSYSTM:00/LNXSLPBN:00/input/input5\n[    6.121103] ACPI: Sleep Button [SLPF]\n[    6.196610] ixgbevf: eth%d: ixgbevf_check_options: dynamic interrupt throttling enabled\n[    6.202276] ixgbevf 0000:00:03.0: Multiqueue Enabled: Rx Queue count = 2, Tx Queue count = 2\n[    6.219193] ixgbevf: eth0: ixgbevf_probe: Intel(R) 82599 Virtual Function\n[    6.222533] 02:c6:c6:e6:61:19\n[    6.226815] ixgbevf: eth0: ixgbevf_probe: GRO is enabled\n[    6.229696] ixgbevf: eth0: ixgbevf_probe: Intel(R) 10 Gigabit PCI Express Virtual Function Network Driver\n[    6.250054] mousedev: PS/2 mouse device common for all mice\n[    7.971235] EXT4-fs (xvda1): re-mounted. Opts: (null)\n[    8.874585] NET: Registered protocol family 10\n[    9.333766] ixgbevf 0000:00:03.0: NIC Link is Up 10 Gbps\n[    9.334791] IPv6: ADDRCONF(NETDEV_UP): eth0: link is not ready\n[    9.339697] IPv6: ADDRCONF(NETDEV_CHANGE): eth0: link becomes ready\n[   12.199519] netlink: 12 bytes leftover after parsing attributes in process `ip'.\n[   12.207084] ixgbevf: eth0: ixgbevf_change_mtu: changing MTU from 1500 to 9001\n[   13.382991] audit: type=1305 audit(1489261709.203:2): audit_pid=2149 old=0 auid=4294967295 ses=4294967295 res=1\n[   25.722783] ip_tables: (C) 2000-2006 Netfilter Core Team\n[   25.791891] nf_conntrack version 0.5.0 (16384 buckets, 65536 max)\n[   25.863053] IPv6: ADDRCONF(NETDEV_UP): vexternal_1: link is not ready\n[   25.938540] IPv6: ADDRCONF(NETDEV_UP): vexternal_2: link is not ready\n[   25.970269] IPv6: ADDRCONF(NETDEV_CHANGE): vexternal_1: link becomes ready\n[   25.979157] IPv6: ADDRCONF(NETDEV_UP): vtarget_1: link is not ready\n[   26.058304] ip6_tables: (C) 2000-2006 Netfilter Core Team\n[   26.068028] IPv6: ADDRCONF(NETDEV_CHANGE): vexternal_2: link becomes ready\n[   26.086675] IPv6: ADDRCONF(NETDEV_UP): vexternal_3: link is not ready\n[   26.167911] IPv6: ADDRCONF(NETDEV_UP): vexternal_4: link is not ready\n[   26.206402] IPv6: ADDRCONF(NETDEV_CHANGE): vexternal_3: link becomes ready\n[   26.220010] IPv6: ADDRCONF(NETDEV_UP): vtarget_2: link is not ready\n[   26.259087] IPv6: ADDRCONF(NETDEV_CHANGE): vexternal_4: link becomes ready\n[   26.283787] IPv6: ADDRCONF(NETDEV_UP): vexternal_5: link is not ready\n[   26.392548] IPv6: ADDRCONF(NETDEV_UP): vexternal_6: link is not ready\n[   26.433845] IPv6: ADDRCONF(NETDEV_CHANGE): vexternal_5: link becomes ready\n[   26.442862] IPv6: ADDRCONF(NETDEV_UP): vtarget_3: link is not ready\n[   26.486052] IPv6: ADDRCONF(NETDEV_CHANGE): vexternal_6: link becomes ready\n[   26.509506] IPv6: ADDRCONF(NETDEV_UP): vexternal_7: link is not ready\n[   26.580292] IPv6: ADDRCONF(NETDEV_UP): vexternal_8: link is not ready\n[   26.653225] IPv6: ADDRCONF(NETDEV_CHANGE): vexternal_7: link becomes ready\n[   26.659555] IPv6: ADDRCONF(NETDEV_UP): vtarget_4: link is not ready\n[   26.676347] IPv6: ADDRCONF(NETDEV_CHANGE): vexternal_8: link becomes ready\n[   26.718591] IPv6: ADDRCONF(NETDEV_UP): vexternal_9: link is not ready\n[   26.806761] IPv6: ADDRCONF(NETDEV_UP): vexternal_10: link is not ready\n[   26.829808] IPv6: ADDRCONF(NETDEV_CHANGE): vexternal_9: link becomes ready\n[   26.838247] IPv6: ADDRCONF(NETDEV_UP): vtarget_5: link is not ready\n[   26.864841] IPv6: ADDRCONF(NETDEV_CHANGE): vexternal_10: link becomes ready\n[   26.886964] IPv6: ADDRCONF(NETDEV_UP): vexternal_11: link is not ready\n[   26.972501] IPv6: ADDRCONF(NETDEV_UP): vexternal_12: link is not ready\n[   27.016015] IPv6: ADDRCONF(NETDEV_CHANGE): vexternal_11: link becomes ready\n[   27.032205] IPv6: ADDRCONF(NETDEV_UP): vtarget_6: link is not ready\n[   27.096466] IPv6: ADDRCONF(NETDEV_CHANGE): vexternal_12: link becomes ready\n[   27.119878] IPv6: ADDRCONF(NETDEV_UP): vexternal_13: link is not ready\n[   27.204569] IPv6: ADDRCONF(NETDEV_UP): vexternal_14: link is not ready\n[   27.263485] IPv6: ADDRCONF(NETDEV_CHANGE): vexternal_13: link becomes ready\n[   27.286260] IPv6: ADDRCONF(NETDEV_UP): vtarget_7: link is not ready\n[   27.301760] IPv6: ADDRCONF(NETDEV_CHANGE): vexternal_14: link becomes ready\n[   27.326106] IPv6: ADDRCONF(NETDEV_UP): vexternal_15: link is not ready\n[   27.415849] IPv6: ADDRCONF(NETDEV_UP): vexternal_16: link is not ready\n[   27.467002] IPv6: ADDRCONF(NETDEV_CHANGE): vexternal_15: link becomes ready\n[   27.480710] IPv6: ADDRCONF(NETDEV_UP): vtarget_8: link is not ready\n[   27.512526] IPv6: ADDRCONF(NETDEV_CHANGE): vexternal_16: link becomes ready\n[   27.536377] IPv6: ADDRCONF(NETDEV_UP): vexternal_17: link is not ready\n[   27.632657] IPv6: ADDRCONF(NETDEV_UP): vexternal_18: link is not ready\n[   27.681158] IPv6: ADDRCONF(NETDEV_CHANGE): vexternal_17: link becomes ready\n[   27.687292] IPv6: ADDRCONF(NETDEV_UP): vtarget_9: link is not ready\n[   27.709364] IPv6: ADDRCONF(NETDEV_CHANGE): vexternal_18: link becomes ready\n[   27.727541] IPv6: ADDRCONF(NETDEV_UP): vexternal_19: link is not ready\n[   27.787881] IPv6: ADDRCONF(NETDEV_UP): vexternal_20: link is not ready\n[   27.822340] IPv6: ADDRCONF(NETDEV_CHANGE): vexternal_19: link becomes ready\n[   27.833594] IPv6: ADDRCONF(NETDEV_UP): vtarget_10: link is not ready\n[   27.852568] IPv6: ADDRCONF(NETDEV_CHANGE): vexternal_20: link becomes ready\n[   27.901704] IPv6: ADDRCONF(NETDEV_UP): vexternal_21: link is not ready\n[   28.013687] IPv6: ADDRCONF(NETDEV_UP): vexternal_22: link is not ready\n[   28.053808] IPv6: ADDRCONF(NETDEV_CHANGE): vexternal_21: link becomes ready\n[   28.061938] IPv6: ADDRCONF(NETDEV_UP): vtarget_11: link is not ready\n[   28.078291] IPv6: ADDRCONF(NETDEV_CHANGE): vexternal_22: link becomes ready\n[   28.098099] IPv6: ADDRCONF(NETDEV_UP): vexternal_23: link is not ready\n[   28.162570] IPv6: ADDRCONF(NETDEV_UP): vexternal_24: link is not ready\n[   28.189363] IPv6: ADDRCONF(NETDEV_CHANGE): vexternal_23: link becomes ready\n[   28.195950] IPv6: ADDRCONF(NETDEV_UP): vtarget_12: link is not ready\n[   28.211562] IPv6: ADDRCONF(NETDEV_CHANGE): vexternal_24: link becomes ready\n[   28.277845] IPv6: ADDRCONF(NETDEV_UP): vexternal_25: link is not ready\n[   28.372603] IPv6: ADDRCONF(NETDEV_UP): vexternal_26: link is not ready\n[   28.422672] IPv6: ADDRCONF(NETDEV_CHANGE): vexternal_25: link becomes ready\n[   28.429362] IPv6: ADDRCONF(NETDEV_UP): vtarget_13: link is not ready\n[   28.446271] IPv6: ADDRCONF(NETDEV_CHANGE): vexternal_26: link becomes ready\n[   28.465135] IPv6: ADDRCONF(NETDEV_UP): vexternal_27: link is not ready\n[   28.518934] IPv6: ADDRCONF(NETDEV_UP): vexternal_28: link is not ready\n[   28.553103] IPv6: ADDRCONF(NETDEV_CHANGE): vexternal_27: link becomes ready\n[   28.559809] IPv6: ADDRCONF(NETDEV_UP): vtarget_14: link is not ready\n[   28.593311] IPv6: ADDRCONF(NETDEV_CHANGE): vexternal_28: link becomes ready\n[   28.616774] IPv6: ADDRCONF(NETDEV_UP): vexternal_29: link is not ready\n[   28.682510] IPv6: ADDRCONF(NETDEV_UP): vexternal_30: link is not ready\n[   28.705204] IPv6: ADDRCONF(NETDEV_CHANGE): vexternal_29: link becomes ready\n[   28.711979] IPv6: ADDRCONF(NETDEV_UP): vtarget_15: link is not ready\n[   28.735525] IPv6: ADDRCONF(NETDEV_CHANGE): vexternal_30: link becomes ready\n[   28.758639] IPv6: ADDRCONF(NETDEV_UP): vexternal_31: link is not ready\n[   28.833779] IPv6: ADDRCONF(NETDEV_UP): vexternal_32: link is not ready\n[   28.871383] IPv6: ADDRCONF(NETDEV_CHANGE): vexternal_31: link becomes ready\n[   28.879991] IPv6: ADDRCONF(NETDEV_UP): vtarget_16: link is not ready\n[   28.897614] IPv6: ADDRCONF(NETDEV_CHANGE): vexternal_32: link becomes ready\n[   28.917476] IPv6: ADDRCONF(NETDEV_UP): vexternal_33: link is not ready\n[   28.990792] IPv6: ADDRCONF(NETDEV_UP): vexternal_34: link is not ready\n[   29.011649] IPv6: ADDRCONF(NETDEV_CHANGE): vexternal_33: link becomes ready\n[   29.017670] IPv6: ADDRCONF(NETDEV_UP): vtarget_17: link is not ready\n[   29.030809] IPv6: ADDRCONF(NETDEV_CHANGE): vexternal_34: link becomes ready\n[   29.050189] IPv6: ADDRCONF(NETDEV_UP): vexternal_35: link is not ready\n[   29.118931] IPv6: ADDRCONF(NETDEV_UP): vexternal_36: link is not ready\n[   29.171003] IPv6: ADDRCONF(NETDEV_CHANGE): vexternal_35: link becomes ready\n[   29.179650] IPv6: ADDRCONF(NETDEV_UP): vtarget_18: link is not ready\n[   29.196474] IPv6: ADDRCONF(NETDEV_CHANGE): vexternal_36: link becomes ready\n[   29.215189] IPv6: ADDRCONF(NETDEV_UP): vexternal_37: link is not ready\n[   29.274922] IPv6: ADDRCONF(NETDEV_UP): vexternal_38: link is not ready\n[   29.301390] IPv6: ADDRCONF(NETDEV_CHANGE): vexternal_37: link becomes ready\n[   29.307034] IPv6: ADDRCONF(NETDEV_UP): vtarget_19: link is not ready\n[   29.322589] IPv6: ADDRCONF(NETDEV_CHANGE): vexternal_38: link becomes ready\n[   29.353842] IPv6: ADDRCONF(NETDEV_UP): vexternal_39: link is not ready\n[   29.442106] IPv6: ADDRCONF(NETDEV_UP): vexternal_40: link is not ready\n[   29.481450] IPv6: ADDRCONF(NETDEV_CHANGE): vexternal_39: link becomes ready\n[   29.488530] IPv6: ADDRCONF(NETDEV_UP): vtarget_20: link is not ready\n[   29.504634] IPv6: ADDRCONF(NETDEV_CHANGE): vexternal_40: link becomes ready\n[   29.524887] IPv6: ADDRCONF(NETDEV_UP): vexternal_41: link is not ready\n[   29.592513] IPv6: ADDRCONF(NETDEV_UP): vexternal_42: link is not ready\n[   29.629130] IPv6: ADDRCONF(NETDEV_CHANGE): vexternal_41: link becomes ready\n[   29.635763] IPv6: ADDRCONF(NETDEV_UP): vtarget_21: link is not ready\n[   29.652548] IPv6: ADDRCONF(NETDEV_CHANGE): vexternal_42: link becomes ready\n[   29.671410] IPv6: ADDRCONF(NETDEV_UP): vexternal_43: link is not ready\n[   29.730967] IPv6: ADDRCONF(NETDEV_UP): vexternal_44: link is not ready\n[   29.765742] IPv6: ADDRCONF(NETDEV_CHANGE): vexternal_43: link becomes ready\n[   29.771970] IPv6: ADDRCONF(NETDEV_UP): vtarget_22: link is not ready\n[   29.790095] IPv6: ADDRCONF(NETDEV_CHANGE): vexternal_44: link becomes ready\n[   29.821860] IPv6: ADDRCONF(NETDEV_UP): vexternal_45: link is not ready\n[   29.883314] IPv6: ADDRCONF(NETDEV_UP): vexternal_46: link is not ready\n[   29.921208] IPv6: ADDRCONF(NETDEV_CHANGE): vexternal_45: link becomes ready\n[   29.929224] IPv6: ADDRCONF(NETDEV_UP): vtarget_23: link is not ready\n[   29.950025] IPv6: ADDRCONF(NETDEV_CHANGE): vexternal_46: link becomes ready\n[   29.970006] IPv6: ADDRCONF(NETDEV_UP): vexternal_47: link is not ready\n[   30.024358] IPv6: ADDRCONF(NETDEV_UP): vexternal_48: link is not ready\n[   30.062354] IPv6: ADDRCONF(NETDEV_CHANGE): vexternal_47: link becomes ready\n[   30.068888] IPv6: ADDRCONF(NETDEV_UP): vtarget_24: link is not ready\n[   30.092731] IPv6: ADDRCONF(NETDEV_CHANGE): vexternal_48: link becomes ready\n[   30.111837] IPv6: ADDRCONF(NETDEV_UP): vexternal_49: link is not ready\n[   30.172710] IPv6: ADDRCONF(NETDEV_UP): vexternal_50: link is not ready\n[   30.198190] IPv6: ADDRCONF(NETDEV_CHANGE): vexternal_49: link becomes ready\n[   30.209196] IPv6: ADDRCONF(NETDEV_UP): vtarget_25: link is not ready\n[   30.226099] IPv6: ADDRCONF(NETDEV_CHANGE): vexternal_50: link becomes ready\n[   30.247029] IPv6: ADDRCONF(NETDEV_UP): vexternal_51: link is not ready\n[   30.306564] IPv6: ADDRCONF(NETDEV_UP): vexternal_52: link is not ready\n[   30.341151] IPv6: ADDRCONF(NETDEV_CHANGE): vexternal_51: link becomes ready\n[   30.347828] IPv6: ADDRCONF(NETDEV_UP): vtarget_26: link is not ready\n[   30.364271] IPv6: ADDRCONF(NETDEV_CHANGE): vexternal_52: link becomes ready\n[   31.077021] loop: module loaded\n[   31.230248] EXT4-fs (loop1): mounted filesystem with ordered data mode. Opts: (null)\n[   31.230494] EXT4-fs (loop2): mounted filesystem with ordered data mode. Opts: (null)\n[   31.230570] EXT4-fs (loop3): mounted filesystem with ordered data mode. Opts: (null)\n[   31.326205] EXT4-fs (loop5): mounted filesystem with ordered data mode. Opts: (null)\n[   31.331052] EXT4-fs (loop4): mounted filesystem with ordered data mode. Opts: (null)\n[ 5285.137792] EXT4-fs (loop0): mounted filesystem with ordered data mode. Opts: (null)\n[ 6323.757795] EXT4-fs (loop1): mounted filesystem with ordered data mode. Opts: (null)\n[ 6485.814786] EXT4-fs (loop2): mounted filesystem with ordered data mode. Opts: (null)\n[ 6541.519309] EXT4-fs (loop3): mounted filesystem with ordered data mode. Opts: (null)\n[ 6974.680588] EXT4-fs (loop4): mounted filesystem with ordered data mode. Opts: (null)\n[ 7116.723109] EXT4-fs (loop5): mounted filesystem with ordered data mode. Opts: (null)\n",
  "meminfo": {
    "MemTotal": "3857864 kB",
    "MemFree": "3332844 kB",
    "MemAvailable": "3497008 kB",
    "Buffers": "19040 kB",
    "Cached": "243996 kB",
    "SwapCached": "0 kB",
    "Active": "295608 kB",
    "Inactive": "124284 kB",
    "Active(anon)": "156840 kB",
    "Inactive(anon)": "324 kB",
    "Active(file)": "138768 kB",
    "Inactive(file)": "123960 kB",
    "Unevictable": "0 kB",
    "Mlocked": "0 kB",
    "SwapTotal": "0 kB",
    "SwapFree": "0 kB",
    "Dirty": "128 kB",
    "Writeback": "0 kB",
    "AnonPages": "156840 kB",
    "Mapped": "22516 kB",
    "Shmem": "364 kB",
    "Slab": "58716 kB",
    "SReclaimable": "28120 kB",
    "SUnreclaim": "30596 kB",
    "KernelStack": "2320 kB",
    "PageTables": "4124 kB",
    "NFS_Unstable": "0 kB",
    "Bounce": "0 kB",
    "WritebackTmp": "0 kB",
    "CommitLimit": "1928932 kB",
    "Committed_AS": "333428 kB",
    "VmallocTotal": "34359738367 kB",
    "VmallocUsed": "0 kB",
    "VmallocChunk": "0 kB",
    "AnonHugePages": "0 kB",
    "HugePages_Total": "0",
    "HugePages_Free": "0",
    "HugePages_Rsvd": "0",
    "HugePages_Surp": "0",
    "Hugepagesize": "2048 kB",
    "DirectMap4k": "12288 kB",
    "DirectMap2M": "1822720 kB",
    "DirectMap1G": "2097152 kB"
  },
  "warm_since": "None",
  "cpuinfo": {
    "proc0": {
      "processor": "0",
      "vendor_id": "GenuineIntel",
      "cpu family": "6",
      "model": "63",
      "model name": "Intel(R) Xeon(R) CPU E5-2666 v3 @ 2.90GHz",
      "stepping": "2",
      "microcode": "0x2b",
      "cpu MHz": "2900.098",
      "cache size": "25600 KB",
      "physical id": "0",
      "siblings": "2",
      "core id": "0",
      "cpu cores": "1",
      "apicid": "0",
      "initial apicid": "0",
      "fpu": "yes",
      "fpu_exception": "yes",
      "cpuid level": "13",
      "wp": "yes",
      "flags": "fpu vme de pse tsc msr pae mce cx8 apic sep mtrr pge mca cmov pat pse36 clflush mmx fxsr sse sse2 ht syscall nx pdpe1gb rdtscp lm constant_tsc rep_good nopl xtopology eagerfpu pni pclmulqdq ssse3 fma cx16 pcid sse4_1 sse4_2 x2apic movbe popcnt tsc_deadline_timer aes xsave avx f16c rdrand hypervisor lahf_lm abm fsgsbase bmi1 avx2 smep bmi2 erms invpcid xsaveopt",
      "bugs": "",
      "bogomips": "5800.19",
      "clflush size": "64",
      "cache_alignment": "64",
      "address sizes": "46 bits physical, 48 bits virtual",
      "power management": ""
    },
    "proc1": {
      "processor": "1",
      "vendor_id": "GenuineIntel",
      "cpu family": "6",
      "model": "63",
      "model name": "Intel(R) Xeon(R) CPU E5-2666 v3 @ 2.90GHz",
      "stepping": "2",
      "microcode": "0x2b",
      "cpu MHz": "2900.098",
      "cache size": "25600 KB",
      "physical id": "0",
      "siblings": "2",
      "core id": "0",
      "cpu cores": "1",
      "apicid": "1",
      "initial apicid": "1",
      "fpu": "yes",
      "fpu_exception": "yes",
      "cpuid level": "13",
      "wp": "yes",
      "flags": "fpu vme de pse tsc msr pae mce cx8 apic sep mtrr pge mca cmov pat pse36 clflush mmx fxsr sse sse2 ht syscall nx pdpe1gb rdtscp lm constant_tsc rep_good nopl xtopology eagerfpu pni pclmulqdq ssse3 fma cx16 pcid sse4_1 sse4_2 x2apic movbe popcnt tsc_deadline_timer aes xsave avx f16c rdrand hypervisor lahf_lm abm fsgsbase bmi1 avx2 smep bmi2 erms invpcid xsaveopt",
      "bugs": "",
      "bogomips": "5800.19",
      "clflush size": "64",
      "cache_alignment": "64",
      "address sizes": "46 bits physical, 48 bits virtual",
      "power management": ""
    }
  },
  "df": "Filesystem      Size  Used Avail Use% Mounted on\n/dev/xvda1       30G  3.6G   26G  13% /\n/dev/loop5      526M  440K  514M   1% /tmp\n",
  "timestamp": 1489268813,
  "ps": "USER       PID %CPU %MEM    VSZ   RSS TTY      STAT START   TIME COMMAND\n485          1 10.0  0.5 243340 21896 ?        Ss   21:46   0:00 /usr/bin/python2.7 /var/runtime/awslambda/bootstrap.py\n485          5  0.0  0.0 117208  2424 ?        R    21:46   0:00 ps aux\n",
  "/etc/issue": "Amazon Linux AMI release 2016.03\nKernel \\r on an \\m\n\n",
  "is_warm": "not warm",
  "uname": "Linux ip-10-11-70-240 4.4.35-33.55.amzn1.x86_64 #1 SMP Tue Dec 6 20:30:04 UTC 2016 x86_64 x86_64 x86_64 GNU/Linux\n",
  "sandbox": "lambda",
  "env": {
    "LANG": "en_US.UTF-8",
    "AWS_DEFAULT_REGION": "eu-central-1",
    "AWS_LAMBDA_FUNCTION_MEMORY_SIZE": "128",
    "AWS_LAMBDA_FUNCTION_NAME": "scheduled-serverless-profiler",
    "AWS_SECRET_ACCESS_KEY": "3DLhCkBAtlZR",
    "AWS_LAMBDA_FUNCTION_VERSION": "$LATEST",
    "PYTHONPATH": "/var/runtime",
    "AWS_LAMBDA_LOG_GROUP_NAME": "/aws/lambda/scheduled-serverless-profiler",
    "AWS_REGION": "eu-central-1",
    "AWS_SESSION_TOKEN": "FQoDYXdzEH0a",
    "LAMBDA_TASK_ROOT": "/var/task",
    "AWS_EXECUTION_ENV": "AWS_Lambda_python2.7",
    "AWS_SECURITY_TOKEN": "FQoDYXdzEH0a",
    "LAMBDA_RUNTIME_DIR": "/var/runtime",
    "AWS_LAMBDA_LOG_STREAM_NAME": "2017/03/11/[$LATEST]d5e2ca93697b4b4f8be80967739e5dbc",
    "AWS_ACCESS_KEY_ID": "ASIAJPDEBYZC",
    "PATH": "/usr/local/bin:/usr/bin/:/bin",
    "LD_LIBRARY_PATH": "/lib64:/usr/lib64:/var/runtime:/var/runtime/lib:/var/task:/var/task/lib"
  },
  "package_count": 326,
  "release": "4.4.35-33.55.amzn1.x86_64",
  "packages": [
    "is_warm",
    "main",
    "bootstrap",
    "runtime",
    "wsgi",
    "awslambda",
    "boto3",
    "botocore",
    "concurrent",
    "dateutil",
    "docutils",
    "jmespath",
    "liblambdaio",
    "liblambdaipc",
    "liblambdaruntime",
    "s3transfer",
    "six",
    "BaseHTTPServer",
    "Bastion",
    "CGIHTTPServer",
    "ConfigParser",
    "Cookie",
    "DocXMLRPCServer",
    "HTMLParser",
    "MimeWriter",
    "Queue",
    "SimpleHTTPServer",
    "SimpleXMLRPCServer",
    "SocketServer",
    "StringIO",
    "UserDict",
    "UserList",
    "UserString",
    "_LWPCookieJar",
    "_MozillaCookieJar",
    "__future__",
    "_abcoll",
    "_osx_support",
    "_pyio",
    "_strptime",
    "_sysconfigdata",
    "_threading_local",
    "_weakrefset",
    "abc",
    "aifc",
    "antigravity",
    "anydbm",
    "argparse",
    "ast",
    "asynchat",
    "asyncore",
    "atexit",
    "audiodev",
    "base64",
    "bdb",
    "binhex",
    "bisect",
    "bsddb",
    "cProfile",
    "calendar",
    "cgi",
    "cgitb",
    "chunk",
    "cmd",
    "code",
    "codecs",
    "codeop",
    "collections",
    "colorsys",
    "commands",
    "compileall",
    "compiler",
    "contextlib",
    "cookielib",
    "copy",
    "copy_reg",
    "crypt",
    "csv",
    "ctypes",
    "curses",
    "dbhash",
    "decimal",
    "difflib",
    "dircache",
    "dis",
    "distutils",
    "doctest",
    "dumbdbm",
    "dummy_thread",
    "dummy_threading",
    "email",
    "encodings",
    "ensurepip",
    "filecmp",
    "fileinput",
    "fnmatch",
    "formatter",
    "fpformat",
    "fractions",
    "ftplib",
    "functools",
    "genericpath",
    "getopt",
    "getpass",
    "gettext",
    "glob",
    "gzip",
    "hashlib",
    "heapq",
    "hmac",
    "hotshot",
    "htmlentitydefs",
    "htmllib",
    "httplib",
    "ihooks",
    "imaplib",
    "imghdr",
    "importlib",
    "imputil",
    "inspect",
    "io",
    "json",
    "keyword",
    "lib2to3",
    "linecache",
    "locale",
    "logging",
    "macpath",
    "macurl2path",
    "mailbox",
    "mailcap",
    "markupbase",
    "md5",
    "mhlib",
    "mimetools",
    "mimetypes",
    "mimify",
    "modulefinder",
    "multifile",
    "multiprocessing",
    "mutex",
    "netrc",
    "new",
    "nntplib",
    "ntpath",
    "nturl2path",
    "numbers",
    "opcode",
    "optparse",
    "os",
    "os2emxpath",
    "pdb",
    "pickle",
    "pickletools",
    "pipes",
    "pkgutil",
    "platform",
    "plistlib",
    "popen2",
    "poplib",
    "posixfile",
    "posixpath",
    "pprint",
    "profile",
    "pstats",
    "pty",
    "py_compile",
    "pyclbr",
    "pydoc",
    "pydoc_data",
    "quopri",
    "random",
    "re",
    "repr",
    "rexec",
    "rfc822",
    "rlcompleter",
    "robotparser",
    "runpy",
    "sched",
    "sets",
    "sgmllib",
    "sha",
    "shelve",
    "shlex",
    "shutil",
    "site",
    "smtpd",
    "smtplib",
    "sndhdr",
    "socket",
    "sqlite3",
    "sre",
    "sre_compile",
    "sre_constants",
    "sre_parse",
    "ssl",
    "stat",
    "statvfs",
    "string",
    "stringold",
    "stringprep",
    "struct",
    "subprocess",
    "sunau",
    "sunaudio",
    "symbol",
    "symtable",
    "sysconfig",
    "tabnanny",
    "tarfile",
    "telnetlib",
    "tempfile",
    "test",
    "textwrap",
    "this",
    "threading",
    "timeit",
    "toaiff",
    "token",
    "tokenize",
    "trace",
    "traceback",
    "tty",
    "types",
    "unittest",
    "urllib",
    "urllib2",
    "urlparse",
    "user",
    "uu",
    "uuid",
    "warnings",
    "wave",
    "weakref",
    "webbrowser",
    "whichdb",
    "wsgiref",
    "xdrlib",
    "xml",
    "xmllib",
    "xmlrpclib",
    "zipfile",
    "CDROM",
    "DLFCN",
    "IN",
    "TYPES",
    "_bisect",
    "_bsddb",
    "_codecs_cn",
    "_codecs_hk",
    "_codecs_iso2022",
    "_codecs_jp",
    "_codecs_kr",
    "_codecs_tw",
    "_collections",
    "_crypt",
    "_csv",
    "_ctypes",
    "_curses",
    "_curses_panel",
    "_elementtree",
    "_functools",
    "_hashlib",
    "_heapq",
    "_hotshot",
    "_io",
    "_json",
    "_locale",
    "_lsprof",
    "_multibytecodec",
    "_multiprocessing",
    "_random",
    "_socket",
    "_sqlite3",
    "_ssl",
    "_struct",
    "array",
    "audioop",
    "binascii",
    "bz2",
    "cPickle",
    "cStringIO",
    "cmath",
    "datetime",
    "dbm",
    "dl",
    "fcntl",
    "future_builtins",
    "gdbm",
    "grp",
    "imageop",
    "itertools",
    "linuxaudiodev",
    "math",
    "mmap",
    "nis",
    "operator",
    "ossaudiodev",
    "parser",
    "pyexpat",
    "readline",
    "resource",
    "select",
    "spwd",
    "strop",
    "syslog",
    "termios",
    "time",
    "timing",
    "unicodedata",
    "xxsubtype",
    "zlib",
    "_sqlitecache",
    "curl",
    "gpgme",
    "liblzma",
    "lzma",
    "pycurl",
    "rpm",
    "sqlitecachec",
    "xattr",
    "iniparse",
    "rpmUtils",
    "urlgrabber",
    "yum"
  ],
  "pwd": "/var/task\n",
  "warm_for": "0"
}
