{
  "cpuinfo": "processor\t: 0\nvendor_id\t: GenuineIntel\ncpu family\t: 6\nmodel\t\t: 63\nmodel name\t: Intel(R) Xeon(R) CPU E5-2666 v3 @ 2.90GHz\nstepping\t: 2\nmicrocode\t: 0x25\ncpu MHz\t\t: 2893.352\ncache size\t: 25600 KB\nphysical id\t: 0\nsiblings\t: 2\ncore id\t\t: 0\ncpu cores\t: 1\napicid\t\t: 0\ninitial apicid\t: 0\nfpu\t\t: yes\nfpu_exception\t: yes\ncpuid level\t: 13\nwp\t\t: yes\nflags\t\t: fpu vme de pse tsc msr pae mce cx8 apic sep mtrr pge mca cmov pat pse36 clflush mmx fxsr sse sse2 ht syscall nx pdpe1gb rdtscp lm constant_tsc rep_good nopl xtopology eagerfpu pni pclmulqdq ssse3 fma cx16 pcid sse4_1 sse4_2 x2apic movbe popcnt tsc_deadline_timer aes xsave avx f16c rdrand hypervisor lahf_lm abm fsgsbase bmi1 avx2 smep bmi2 erms invpcid xsaveopt\nbugs\t\t:\nbogomips\t: 5786.70\nclflush size\t: 64\ncache_alignment\t: 64\naddress sizes\t: 46 bits physical, 48 bits virtual\npower management:\n\nprocessor\t: 1\nvendor_id\t: GenuineIntel\ncpu family\t: 6\nmodel\t\t: 63\nmodel name\t: Intel(R) Xeon(R) CPU E5-2666 v3 @ 2.90GHz\nstepping\t: 2\nmicrocode\t: 0x25\ncpu MHz\t\t: 2893.352\ncache size\t: 25600 KB\nphysical id\t: 0\nsiblings\t: 2\ncore id\t\t: 0\ncpu cores\t: 1\napicid\t\t: 1\ninitial apicid\t: 1\nfpu\t\t: yes\nfpu_exception\t: yes\ncpuid level\t: 13\nwp\t\t: yes\nflags\t\t: fpu vme de pse tsc msr pae mce cx8 apic sep mtrr pge mca cmov pat pse36 clflush mmx fxsr sse sse2 ht syscall nx pdpe1gb rdtscp lm constant_tsc rep_good nopl xtopology eagerfpu pni pclmulqdq ssse3 fma cx16 pcid sse4_1 sse4_2 x2apic movbe popcnt tsc_deadline_timer aes xsave avx f16c rdrand hypervisor lahf_lm abm fsgsbase bmi1 avx2 smep bmi2 erms invpcid xsaveopt\nbugs\t\t:\nbogomips\t: 5786.70\nclflush size\t: 64\ncache_alignment\t: 64\naddress sizes\t: 46 bits physical, 48 bits virtual\npower management:\n\n",
  "warm_for": "0:00:00",
  "ps": "",
  "df": "Filesystem      Size  Used Avail Use% Mounted on\n/dev/xvda1       30G  3.1G   27G  11% /\n/dev/loop0      526M  440K  514M   1% /tmp\n",
  "/etc/issue": "Amazon Linux AMI release 2016.03\nKernel \\r on an \\m\n\n",
  "uname": "Linux ip-10-13-161-62 4.4.35-33.55.amzn1.x86_64 #1 SMP Tue Dec 6 20:30:04 UTC 2016 x86_64 x86_64 x86_64 GNU/Linux\n",
  "pwd": "/var/task\n",
  "dmesg": "[    0.000000] Initializing cgroup subsys cpuset\n[    0.000000] Initializing cgroup subsys cpu\n[    0.000000] Initializing cgroup subsys cpuacct\n[    0.000000] Linux version 4.4.35-33.55.amzn1.x86_64 (mockbuild@gobi-build-60006) (gcc version 4.8.3 20140911 (Red Hat 4.8.3-9) (GCC) ) #1 SMP Tue Dec 6 20:30:04 UTC 2016\n[    0.000000] Command line: root=LABEL=/ console=tty1 console=ttyS0 LANG=en_US.UTF-8 KEYTABLE=us\n[    0.000000] x86/fpu: xstate_offset[2]:  576, xstate_sizes[2]:  256\n[    0.000000] x86/fpu: Supporting XSAVE feature 0x01: 'x87 floating point registers'\n[    0.000000] x86/fpu: Supporting XSAVE feature 0x02: 'SSE registers'\n[    0.000000] x86/fpu: Supporting XSAVE feature 0x04: 'AVX registers'\n[    0.000000] x86/fpu: Enabled xstate features 0x7, context size is 832 bytes, using 'standard' format.\n[    0.000000] x86/fpu: Using 'eager' FPU context switches.\n[    0.000000] e820: BIOS-provided physical RAM map:\n[    0.000000] BIOS-e820: [mem 0x0000000000000000-0x000000000009dfff] usable\n[    0.000000] BIOS-e820: [mem 0x000000000009e000-0x000000000009ffff] reserved\n[    0.000000] BIOS-e820: [mem 0x00000000000e0000-0x00000000000fffff] reserved\n[    0.000000] BIOS-e820: [mem 0x0000000000100000-0x00000000efffffff] usable\n[    0.000000] BIOS-e820: [mem 0x00000000fc000000-0x00000000ffffffff] reserved\n[    0.000000] NX (Execute Disable) protection: active\n[    0.000000] SMBIOS 2.4 present.\n[    0.000000] DMI: Xen HVM domU, BIOS 4.2.amazon 11/11/2016\n[    0.000000] Hypervisor detected: Xen\n[    0.000000] Xen version 4.2.\n[    0.000000] Xen Platform PCI: I/O protocol version 1\n[    0.000000] Netfront and the Xen platform PCI driver have been compiled for this kernel: unplug emulated NICs.\n[    0.000000] Blkfront and the Xen platform PCI driver have been compiled for this kernel: unplug emulated disks.\n[    0.000000] You might have to change the root device\n[    0.000000] from /dev/hd[a-d] to /dev/xvd[a-d]\n[    0.000000] in your root= kernel command line option\n[    0.000000] HVMOP_pagetable_dying not supported\n[    0.000000] e820: update [mem 0x00000000-0x00000fff] usable ==> reserved\n[    0.000000] e820: remove [mem 0x000a0000-0x000fffff] usable\n[    0.000000] e820: last_pfn = 0xf0000 max_arch_pfn = 0x400000000\n[    0.000000] MTRR default type: write-back\n[    0.000000] MTRR fixed ranges enabled:\n[    0.000000]   00000-9FFFF write-back\n[    0.000000]   A0000-BFFFF write-combining\n[    0.000000]   C0000-FFFFF write-back\n[    0.000000] MTRR variable ranges enabled:\n[    0.000000]   0 base 0000F0000000 mask 3FFFF8000000 uncachable\n[    0.000000]   1 base 0000F8000000 mask 3FFFFC000000 uncachable\n[    0.000000]   2 disabled\n[    0.000000]   3 disabled\n[    0.000000]   4 disabled\n[    0.000000]   5 disabled\n[    0.000000]   6 disabled\n[    0.000000]   7 disabled\n[    0.000000] x86/PAT: Configuration [0-7]: WB  WC  UC- UC  WB  WC  UC- WT  \n[    0.000000] found SMP MP-table at [mem 0x000fbc80-0x000fbc8f] mapped at [ffff8800000fbc80]\n[    0.000000] Base memory trampoline at [ffff880000098000] 98000 size 24576\n[    0.000000] Using GB pages for direct mapping\n[    0.000000] BRK [0x01db3000, 0x01db3fff] PGTABLE\n[    0.000000] BRK [0x01db4000, 0x01db4fff] PGTABLE\n[    0.000000] BRK [0x01db5000, 0x01db5fff] PGTABLE\n[    0.000000] BRK [0x01db6000, 0x01db6fff] PGTABLE\n[    0.000000] RAMDISK: [mem 0x36e8e000-0x37feffff]\n[    0.000000] ACPI: Early table checksum verification disabled\n[    0.000000] ACPI: RSDP 0x00000000000EA020 000024 (v02 Xen   )\n[    0.000000] ACPI: XSDT 0x00000000FC00DDC0 000054 (v01 Xen    HVM      00000000 HVML 00000000)\n[    0.000000] ACPI: FACP 0x00000000FC00DA80 0000F4 (v04 Xen    HVM      00000000 HVML 00000000)\n[    0.000000] ACPI: DSDT 0x00000000FC001CE0 00BD19 (v02 Xen    HVM      00000000 INTL 20090123)\n[    0.000000] ACPI: FACS 0x00000000FC001CA0 000040\n[    0.000000] ACPI: FACS 0x00000000FC001CA0 000040\n[    0.000000] ACPI: APIC 0x00000000FC00DB80 0000D8 (v02 Xen    HVM      00000000 HVML 00000000)\n[    0.000000] ACPI: HPET 0x00000000FC00DCD0 000038 (v01 Xen    HVM      00000000 HVML 00000000)\n[    0.000000] ACPI: WAET 0x00000000FC00DD10 000028 (v01 Xen    HVM      00000000 HVML 00000000)\n[    0.000000] ACPI: SSDT 0x00000000FC00DD40 000031 (v02 Xen    HVM      00000000 INTL 20090123)\n[    0.000000] ACPI: SSDT 0x00000000FC00DD80 000031 (v02 Xen    HVM      00000000 INTL 20090123)\n[    0.000000] ACPI: Local APIC address 0xfee00000\n[    0.000000] No NUMA configuration found\n[    0.000000] Faking a node at [mem 0x0000000000000000-0x00000000efffffff]\n[    0.000000] NODE_DATA(0) allocated [mem 0xeffde000-0xefffffff]\n[    0.000000] Zone ranges:\n[    0.000000]   DMA      [mem 0x0000000000001000-0x0000000000ffffff]\n[    0.000000]   DMA32    [mem 0x0000000001000000-0x00000000efffffff]\n[    0.000000]   Normal   empty\n[    0.000000] Movable zone start for each node\n[    0.000000] Early memory node ranges\n[    0.000000]   node   0: [mem 0x0000000000001000-0x000000000009dfff]\n[    0.000000]   node   0: [mem 0x0000000000100000-0x00000000efffffff]\n[    0.000000] Initmem setup node 0 [mem 0x0000000000001000-0x00000000efffffff]\n[    0.000000] On node 0 totalpages: 982941\n[    0.000000]   DMA zone: 64 pages used for memmap\n[    0.000000]   DMA zone: 21 pages reserved\n[    0.000000]   DMA zone: 3997 pages, LIFO batch:0\n[    0.000000]   DMA32 zone: 15296 pages used for memmap\n[    0.000000]   DMA32 zone: 978944 pages, LIFO batch:31\n[    0.000000] ACPI: PM-Timer IO Port: 0xb008\n[    0.000000] ACPI: Local APIC address 0xfee00000\n[    0.000000] IOAPIC[0]: apic_id 1, version 17, address 0xfec00000, GSI 0-47\n[    0.000000] ACPI: INT_SRC_OVR (bus 0 bus_irq 0 global_irq 2 dfl dfl)\n[    0.000000] ACPI: INT_SRC_OVR (bus 0 bus_irq 5 global_irq 5 low level)\n[    0.000000] ACPI: INT_SRC_OVR (bus 0 bus_irq 10 global_irq 10 low level)\n[    0.000000] ACPI: INT_SRC_OVR (bus 0 bus_irq 11 global_irq 11 low level)\n[    0.000000] ACPI: IRQ0 used by override.\n[    0.000000] ACPI: IRQ5 used by override.\n[    0.000000] ACPI: IRQ9 used by override.\n[    0.000000] ACPI: IRQ10 used by override.\n[    0.000000] ACPI: IRQ11 used by override.\n[    0.000000] Using ACPI (MADT) for SMP configuration information\n[    0.000000] ACPI: HPET id: 0x8086a201 base: 0xfed00000\n[    0.000000] smpboot: Allowing 15 CPUs, 13 hotplug CPUs\n[    0.000000] e820: [mem 0xf0000000-0xfbffffff] available for PCI devices\n[    0.000000] Booting paravirtualized kernel on Xen HVM\n[    0.000000] clocksource: refined-jiffies: mask: 0xffffffff max_cycles: 0xffffffff, max_idle_ns: 7645519600211568 ns\n[    0.000000] setup_percpu: NR_CPUS:128 nr_cpumask_bits:128 nr_cpu_ids:15 nr_node_ids:1\n[    0.000000] PERCPU: Embedded 32 pages/cpu @ffff8800efc00000 s91416 r8192 d31464 u131072\n[    0.000000] pcpu-alloc: s91416 r8192 d31464 u131072 alloc=1*2097152\n[    0.000000] pcpu-alloc: [0] 00 01 02 03 04 05 06 07 08 09 10 11 12 13 14 -- \n[    0.000000] xen: PV spinlocks enabled\n[    0.000000] PV qspinlock hash table entries: 256 (order: 0, 4096 bytes)\n[    0.000000] Built 1 zonelists in Node order, mobility grouping on.  Total pages: 967560\n[    0.000000] Policy zone: DMA32\n[    0.000000] Kernel command line: root=LABEL=/ console=tty1 console=ttyS0 LANG=en_US.UTF-8 KEYTABLE=us\n[    0.000000] PID hash table entries: 4096 (order: 3, 32768 bytes)\n[    0.000000] Memory: 3836076K/3931764K available (5007K kernel code, 985K rwdata, 2440K rodata, 1188K init, 1580K bss, 95688K reserved, 0K cma-reserved)\n[    0.000000] SLUB: HWalign=64, Order=0-3, MinObjects=0, CPUs=15, Nodes=1\n[    0.000000] Hierarchical RCU implementation.\n[    0.000000] \tBuild-time adjustment of leaf fanout to 64.\n[    0.000000] \tRCU restricting CPUs from NR_CPUS=128 to nr_cpu_ids=15.\n[    0.000000] RCU: Adjusting geometry for rcu_fanout_leaf=64, nr_cpu_ids=15\n[    0.000000] NR_IRQS:8448 nr_irqs:952 16\n[    0.000000] xen:events: Using 2-level ABI\n[    0.000000] xen:events: Xen HVM callback vector for event delivery is enabled\n[    0.000000] Console: colour VGA+ 80x25\n[    0.000000] console [tty1] enabled\n[    0.000000] Cannot get hvm parameter CONSOLE_EVTCHN (18): -22!\n[    0.000000] console [ttyS0] enabled\n[    0.000000] clocksource: hpet: mask: 0xffffffff max_cycles: 0xffffffff, max_idle_ns: 30580167144 ns\n[    0.000000] hpet clockevent registered\n[    0.000000] tsc: Detected 2893.352 MHz processor\n[    0.008000] Calibrating delay loop (skipped), value calculated using timer frequency.. 5786.70 BogoMIPS (lpj=11573408)\n[    0.009476] pid_max: default: 32768 minimum: 301\n[    0.012005] ACPI: Core revision 20150930\n[    0.019685] ACPI: 3 ACPI AML tables successfully acquired and loaded\n[    0.022243] Security Framework initialized\n[    0.024213] Dentry cache hash table entries: 524288 (order: 10, 4194304 bytes)\n[    0.028391] Inode-cache hash table entries: 262144 (order: 9, 2097152 bytes)\n[    0.031375] Mount-cache hash table entries: 8192 (order: 4, 65536 bytes)\n[    0.032006] Mountpoint-cache hash table entries: 8192 (order: 4, 65536 bytes)\n[    0.036154] Initializing cgroup subsys io\n[    0.037934] Initializing cgroup subsys memory\n[    0.040007] Initializing cgroup subsys devices\n[    0.041926] Initializing cgroup subsys freezer\n[    0.044002] Initializing cgroup subsys net_cls\n[    0.045963] Initializing cgroup subsys perf_event\n[    0.048002] Initializing cgroup subsys net_prio\n[    0.050017] Initializing cgroup subsys hugetlb\n[    0.052002] Initializing cgroup subsys pids\n[    0.053919] CPU: Physical Processor ID: 0\n[    0.056701] mce: CPU supports 2 MCE banks\n[    0.058512] Last level iTLB entries: 4KB 1024, 2MB 1024, 4MB 1024\n[    0.060001] Last level dTLB entries: 4KB 1024, 2MB 1024, 4MB 1024, 1GB 4\n[    0.064840] Freeing SMP alternatives memory: 20K (ffffffff81c21000 - ffffffff81c26000)\n[    0.071002] ftrace: allocating 20574 entries in 81 pages\n[    0.088550] x2apic: IRQ remapping doesn't support X2APIC mode\n[    0.091370] Switched APIC routing to physical flat.\n[    0.093726] ..TIMER: vector=0x30 apic1=0 pin1=2 apic2=0 pin2=0\n[    0.137571] clocksource: xen: mask: 0xffffffffffffffff max_cycles: 0x1cd42e4dffb, max_idle_ns: 881590591483 ns\n[    0.140004] Xen: using vcpuop timer interface\n[    0.140008] installing Xen timer for CPU 0\n[    0.141877] smpboot: CPU0: Intel(R) Xeon(R) CPU E5-2666 v3 @ 2.90GHz (family: 0x6, model: 0x3f, stepping: 0x2)\n[    0.144022] cpu 0 spinlock event irq 53\n[    0.145759] Performance Events: unsupported p6 CPU model 63 no PMU driver, software events only.\n[    0.148295] installing Xen timer for CPU 1\n[    0.150138] x86: Booting SMP configuration:\n[    0.151988] .... node  #0, CPUs:        #1cpu 1 spinlock event irq 59\n[    0.156017] x86: Booted up 1 node, 2 CPUs\n[    0.157806] smpboot: Total of 2 processors activated (11573.40 BogoMIPS)\n[    0.160287] devtmpfs: initialized\n[    0.161061] clocksource: jiffies: mask: 0xffffffff max_cycles: 0xffffffff, max_idle_ns: 7645041785100000 ns\n[    0.164157] NET: Registered protocol family 16\n[    0.180007] cpuidle: using governor ladder\n[    0.188005] cpuidle: using governor menu\n[    0.189794] ACPI: bus type PCI registered\n[    0.191572] acpiphp: ACPI Hot Plug PCI Controller Driver version: 0.5\n[    0.196240] PCI: Using configuration type 1 for base access\n[    0.208096] ACPI: Added _OSI(Module Device)\n[    0.209904] ACPI: Added _OSI(Processor Device)\n[    0.212005] ACPI: Added _OSI(3.0 _SCP Extensions)\n[    0.213967] ACPI: Added _OSI(Processor Aggregator Device)\n[    0.217197] xen: --> pirq=16 -> irq=9 (gsi=9)\n[    0.220008] ACPI: Interpreter enabled\n[    0.220012] ACPI: (supports S0 S3 S5)\n[    0.221696] ACPI: Using IOAPIC for interrupt routing\n[    0.224009] PCI: Using host bridge windows from ACPI; if necessary, use \"pci=nocrs\" and report a bug\n[    0.264284] ACPI: PCI Root Bridge [PCI0] (domain 0000 [bus 00-ff])\n[    0.266726] acpi PNP0A03:00: _OSC: OS supports [Segments MSI]\n[    0.268009] acpi PNP0A03:00: _OSC failed (AE_NOT_FOUND); disabling ASPM\n[    0.270602] acpi PNP0A03:00: fail to add MMCONFIG information, can't access extended PCI configuration space under this bridge.\n[    0.276822] acpiphp: Slot [0] registered\n[    0.280009] acpiphp: Slot [3] registered\n[    0.292224] acpiphp: Slot [4] registered\n[    0.294228] acpiphp: Slot [5] registered\n[    0.296144] acpiphp: Slot [6] registered\n[    0.298118] acpiphp: Slot [7] registered\n[    0.300040] acpiphp: Slot [8] registered\n[    0.302000] acpiphp: Slot [9] registered\n[    0.304007] acpiphp: Slot [10] registered\n[    0.304199] acpiphp: Slot [11] registered\n[    0.308007] acpiphp: Slot [12] registered\n[    0.308019] acpiphp: Slot [13] registered\n[    0.312006] acpiphp: Slot [14] registered\n[    0.312019] acpiphp: Slot [15] registered\n[    0.316200] acpiphp: Slot [16] registered\n[    0.318199] acpiphp: Slot [17] registered\n[    0.320133] acpiphp: Slot [18] registered\n[    0.322122] acpiphp: Slot [19] registered\n[    0.324041] acpiphp: Slot [20] registered\n[    0.326008] acpiphp: Slot [21] registered\n[    0.328006] acpiphp: Slot [22] registered\n[    0.328198] acpiphp: Slot [23] registered\n[    0.332006] acpiphp: Slot [24] registered\n[    0.332184] acpiphp: Slot [25] registered\n[    0.336007] acpiphp: Slot [26] registered\n[    0.336132] acpiphp: Slot [27] registered\n[    0.340007] acpiphp: Slot [28] registered\n[    0.340062] acpiphp: Slot [29] registered\n[    0.344006] acpiphp: Slot [30] registered\n[    0.344020] acpiphp: Slot [31] registered\n[    0.348194] PCI host bridge to bus 0000:00\n[    0.349993] pci_bus 0000:00: root bus resource [io  0x0000-0x0cf7 window]\n[    0.352004] pci_bus 0000:00: root bus resource [io  0x0d00-0xffff window]\n[    0.354654] pci_bus 0000:00: root bus resource [mem 0x000a0000-0x000bffff window]\n[    0.356004] pci_bus 0000:00: root bus resource [mem 0xf0000000-0xfbffffff window]\n[    0.359096] pci_bus 0000:00: root bus resource [bus 00-ff]\n[    0.364105] pci 0000:00:00.0: [8086:1237] type 00 class 0x060000\n[    0.365174] pci 0000:00:01.0: [8086:7000] type 00 class 0x060100\n[    0.366717] pci 0000:00:01.1: [8086:7010] type 00 class 0x010180\n[    0.367484] pci 0000:00:01.1: reg 0x20: [io  0xc100-0xc10f]\n[    0.367814] pci 0000:00:01.1: legacy IDE quirk: reg 0x10: [io  0x01f0-0x01f7]\n[    0.368004] pci 0000:00:01.1: legacy IDE quirk: reg 0x14: [io  0x03f6]\n[    0.370706] pci 0000:00:01.1: legacy IDE quirk: reg 0x18: [io  0x0170-0x0177]\n[    0.372004] pci 0000:00:01.1: legacy IDE quirk: reg 0x1c: [io  0x0376]\n[    0.376005] pci 0000:00:01.3: [8086:7113] type 00 class 0x068000\n[    0.376005] * Found PM-Timer Bug on the chipset. Due to workarounds for a bug,\n[    0.376005] * this clock source is slow. Consider trying other clock sources\n[    0.384829] pci 0000:00:01.3: quirk: [io  0xb000-0xb03f] claimed by PIIX4 ACPI\n[    0.388424] pci 0000:00:02.0: [1013:00b8] type 00 class 0x030000\n[    0.388664] pci 0000:00:02.0: reg 0x10: [mem 0xf0000000-0xf1ffffff pref]\n[    0.388808] pci 0000:00:02.0: reg 0x14: [mem 0xf3008000-0xf3008fff]\n[    0.390067] pci 0000:00:03.0: [8086:10ed] type 00 class 0x020000\n[    0.390638] pci 0000:00:03.0: reg 0x10: [mem 0xf3000000-0xf3003fff 64bit pref]\n[    0.391073] pci 0000:00:03.0: reg 0x1c: [mem 0xf3004000-0xf3007fff 64bit pref]\n[    0.392627] pci 0000:00:1f.0: [5853:0001] type 00 class 0xff8000\n[    0.392902] pci 0000:00:1f.0: reg 0x10: [io  0xc000-0xc0ff]\n[    0.393051] pci 0000:00:1f.0: reg 0x14: [mem 0xf2000000-0xf2ffffff pref]\n[    0.394372] ACPI: PCI Interrupt Link [LNKA] (IRQs *5 10 11)\n[    0.398249] ACPI: PCI Interrupt Link [LNKB] (IRQs 5 *10 11)\n[    0.401836] ACPI: PCI Interrupt Link [LNKC] (IRQs 5 10 *11)\n[    0.405455] ACPI: PCI Interrupt Link [LNKD] (IRQs *5 10 11)\n[    0.420313] ACPI: Enabled 2 GPEs in block 00 to 0F\n[    0.424016] xen:balloon: Initialising balloon driver\n[    0.428049] vgaarb: setting as boot device: PCI:0000:00:02.0\n[    0.430362] vgaarb: device added: PCI:0000:00:02.0,decodes=io+mem,owns=io+mem,locks=none\n[    0.432041] vgaarb: loaded\n[    0.433400] vgaarb: bridge control possible 0000:00:02.0\n[    0.436042] PCI: Using ACPI for IRQ routing\n[    0.436042] PCI: pci_cache_line_size set to 64 bytes\n[    0.436308] e820: reserve RAM buffer [mem 0x0009e000-0x0009ffff]\n[    0.436434] NetLabel: Initializing\n[    0.438063] NetLabel:  domain hash size = 128\n[    0.439958] NetLabel:  protocols = UNLABELED CIPSOv4\n[    0.444013] NetLabel:  unlabeled traffic allowed by default\n[    0.446291] HPET: 3 timers in total, 0 timers will be used for per-cpu timer\n[    0.448013] hpet0: at MMIO 0xfed00000, IRQs 2, 8, 0\n[    0.451273] hpet0: 3 comparators, 64-bit 62.500000 MHz counter\n[    0.456010] amd_nb: Cannot enumerate AMD northbridges\n[    0.460322] clocksource: Switched to clocksource xen\n[    0.467124] pnp: PnP ACPI init\n[    0.468672] system 00:00: [mem 0x00000000-0x0009ffff] could not be reserved\n[    0.471420] system 00:00: Plug and Play ACPI device, IDs PNP0c02 (active)\n[    0.471483] system 00:01: [io  0x08a0-0x08a3] has been reserved\n[    0.473862] system 00:01: [io  0x0cc0-0x0ccf] has been reserved\n[    0.476267] system 00:01: [io  0x04d0-0x04d1] has been reserved\n[    0.478622] system 00:01: Plug and Play ACPI device, IDs PNP0c02 (active)\n[    0.478640] xen: --> pirq=17 -> irq=8 (gsi=8)\n[    0.478660] pnp 00:02: Plug and Play ACPI device, IDs PNP0b00 (active)\n[    0.478684] xen: --> pirq=18 -> irq=12 (gsi=12)\n[    0.478703] pnp 00:03: Plug and Play ACPI device, IDs PNP0f13 (active)\n[    0.478726] xen: --> pirq=19 -> irq=1 (gsi=1)\n[    0.478743] pnp 00:04: Plug and Play ACPI device, IDs PNP0303 PNP030b (active)\n[    0.478766] xen: --> pirq=20 -> irq=6 (gsi=6)\n[    0.478768] pnp 00:05: [dma 2]\n[    0.478786] pnp 00:05: Plug and Play ACPI device, IDs PNP0700 (active)\n[    0.478814] xen: --> pirq=21 -> irq=4 (gsi=4)\n[    0.478837] pnp 00:06: Plug and Play ACPI device, IDs PNP0501 (active)\n[    0.478887] system 00:07: [io  0x10c0-0x1141] has been reserved\n[    0.481259] system 00:07: [io  0xb044-0xb047] has been reserved\n[    0.483605] system 00:07: Plug and Play ACPI device, IDs PNP0c02 (active)\n[    0.494791] pnp: PnP ACPI: found 8 devices\n[    0.503226] clocksource: acpi_pm: mask: 0xffffff max_cycles: 0xffffff, max_idle_ns: 2085701024 ns\n[    0.506746] pci_bus 0000:00: resource 4 [io  0x0000-0x0cf7 window]\n[    0.506748] pci_bus 0000:00: resource 5 [io  0x0d00-0xffff window]\n[    0.506749] pci_bus 0000:00: resource 6 [mem 0x000a0000-0x000bffff window]\n[    0.506750] pci_bus 0000:00: resource 7 [mem 0xf0000000-0xfbffffff window]\n[    0.506777] NET: Registered protocol family 2\n[    0.508766] TCP established hash table entries: 32768 (order: 6, 262144 bytes)\n[    0.511755] TCP bind hash table entries: 32768 (order: 7, 524288 bytes)\n[    0.514410] TCP: Hash tables configured (established 32768 bind 32768)\n[    0.517083] UDP hash table entries: 2048 (order: 4, 65536 bytes)\n[    0.519521] UDP-Lite hash table entries: 2048 (order: 4, 65536 bytes)\n[    0.522137] NET: Registered protocol family 1\n[    0.524059] pci 0000:00:00.0: Limiting direct PCI/PCI transfers\n[    0.526433] pci 0000:00:01.0: PIIX3: Enabling Passive Release\n[    0.528948] pci 0000:00:01.0: Activating ISA DMA hang workarounds\n[    0.531520] pci 0000:00:02.0: Video device with shadowed ROM\n[    0.531592] PCI: CLS 0 bytes, default 64\n[    0.531635] Unpacking initramfs...\n[    0.756450] Freeing initrd memory: 17800K (ffff880036e8e000 - ffff880037ff0000)\n[    0.759701] RAPL PMU detected, API unit is 2^-32 Joules, 3 fixed counters 655360 ms ovfl timer\n[    0.763169] hw unit of domain pp0-core 2^-14 Joules\n[    0.765210] hw unit of domain package 2^-14 Joules\n[    0.767230] hw unit of domain dram 2^-16 Joules\n[    0.769858] futex hash table entries: 4096 (order: 6, 262144 bytes)\n[    0.772413] audit: initializing netlink subsys (disabled)\n[    0.774637] audit: type=2000 audit(1488318408.487:1): initialized\n[    0.777291] Initialise system trusted keyring\n[    0.779322] HugeTLB registered 2 MB page size, pre-allocated 0 pages\n[    0.783812] VFS: Disk quotas dquot_6.6.0\n[    0.785619] VFS: Dquot-cache hash table entries: 512 (order 0, 4096 bytes)\n[    0.789087] Key type asymmetric registered\n[    0.790916] Asymmetric key parser 'x509' registered\n[    0.793027] Block layer SCSI generic (bsg) driver version 0.4 loaded (major 254)\n[    0.796229] io scheduler noop registered (default)\n[    0.798243] pci_hotplug: PCI Hot Plug PCI Core version: 0.5\n[    0.800674] intel_idle: does not run on family 6 model 63\n[    0.801042] xen: --> pirq=22 -> irq=47 (gsi=47)\n[    0.801100] xen:grant_table: Grant tables using version 1 layout\n[    0.803513] Grant table initialized\n[    0.805225] Cannot get hvm parameter CONSOLE_EVTCHN (18): -22!\n[    0.807608] Serial: 8250/16550 driver, 4 ports, IRQ sharing disabled\n[    0.834783] 00:06: ttyS0 at I/O 0x3f8 (irq = 4, base_baud = 115200) is a 16550A\n[    0.838519] xen_netfront: Initialising Xen virtual ethernet driver\n[    0.841073] i8042: PNP: PS/2 Controller [PNP0303:PS2K,PNP0f13:PS2M] at 0x60,0x64 irq 1,12\n[    0.845682] serio: i8042 KBD port at 0x60,0x64 irq 1\n[    0.847769] serio: i8042 AUX port at 0x60,0x64 irq 12\n[    0.849932] hidraw: raw HID events driver (C) Jiri Kosina\n[    0.852691] input: AT Translated Set 2 keyboard as /devices/platform/i8042/serio0/input/input0\n[    0.856845] NET: Registered protocol family 17\n[    0.859446] registered taskstats version 1\n[    0.861742] Loading compiled-in X.509 certificates\n[    0.864651] Loaded X.509 cert 'Build time autogenerated kernel key: 937e5ca248d402904964aa335148e77741a7cf6d'\n[    0.865576] blkfront: xvda: barrier or flush: disabled; persistent grants: enabled; indirect descriptors: enabled;\n[    0.868571]  xvda: xvda1\n[    0.875200] zswap: default zpool zbud not available\n[    0.877296] zswap: pool creation failed\n[    0.879238] xenbus_probe_frontend: Device with no driver: device/vfb/0\n[    0.881822] xenbus_probe_frontend: Device with no driver: device/pci/0\n[    0.885518] Freeing unused kernel memory: 1188K (ffffffff81af8000 - ffffffff81c21000)\n[    0.888769] Write protecting the kernel read-only data: 10240k\n[    0.891539] Freeing unused kernel memory: 1124K (ffff8800014e7000 - ffff880001600000)\n[    0.897648] Freeing unused kernel memory: 1656K (ffff880001862000 - ffff880001a00000)\n[    0.912955] dm_mod: module verification failed: signature and/or required key missing - tainting kernel\n[    0.917269] device-mapper: uevent: version 1.0.3\n[    0.919338] device-mapper: ioctl: 4.34.0-ioctl (2015-10-28) initialised: dm-devel@redhat.com\n[    0.926866] udevd[800]: starting version 173\n[    0.956153] SCSI subsystem initialized\n[    0.969822] libata version 3.00 loaded.\n[    0.970085] ata_piix 0000:00:01.1: version 2.13\n[    0.978016] scsi host0: ata_piix\n[    0.982625] scsi host1: ata_piix\n[    0.984617] ata1: PATA max MWDMA2 cmd 0x1f0 ctl 0x3f6 bmdma 0xc100 irq 14\n[    0.987743] ata2: PATA max MWDMA2 cmd 0x170 ctl 0x376 bmdma 0xc108 irq 15\n[    1.190272] EXT4-fs (xvda1): mounted filesystem with ordered data mode. Opts: (null)\n[    1.212461] dracut: Remounting /dev/disk/by-label/\\x2f with -o noatime,ro\n[    1.218890] EXT4-fs (xvda1): mounted filesystem with ordered data mode. Opts: (null)\n[    1.224233] dracut: Mounted root filesystem /dev/xvda1\n[    1.241178] dracut: Loading SELinux policy\n[    1.272692] dracut: /sbin/load_policy: Can't load policy: No such device\n[    1.287577] dracut: Switching root\n[    1.314770] random: init: uninitialized urandom read (12 bytes read, 74 bits of entropy available)\n[    1.420106] udevd[1557]: starting version 173\n[    1.450447] input: Power Button as /devices/LNXSYSTM:00/LNXPWRBN:00/input/input3\n[    1.454268] ACPI: Power Button [PWRF]\n[    1.456369] input: Sleep Button as /devices/LNXSYSTM:00/LNXSLPBN:00/input/input4\n[    1.460127] ACPI: Sleep Button [SLPF]\n[    1.482809] ixgbevf: Intel(R) 10 Gigabit PCI Express Virtual Function Network Driver - version 2.14.2+amzn\n[    1.487434] Copyright (c) 2009-2014 Intel Corporation.\n[    1.497635] input: ImExPS/2 Generic Explorer Mouse as /devices/platform/i8042/serio1/input/input5\n[    1.552593] mousedev: PS/2 mouse device common for all mice\n[    1.576581] ixgbevf: eth%d: ixgbevf_check_options: dynamic interrupt throttling enabled\n[    1.578365] ixgbevf 0000:00:03.0: Multiqueue Enabled: Rx Queue count = 2, Tx Queue count = 2\n[    1.578582] ixgbevf: eth0: ixgbevf_probe: Intel(R) 82599 Virtual Function\n[    1.578585] 0a:58:f2:c1:10:2f\n[    1.578586] ixgbevf: eth0: ixgbevf_probe: GRO is enabled\n[    1.578586] ixgbevf: eth0: ixgbevf_probe: Intel(R) 10 Gigabit PCI Express Virtual Function Network Driver\n[    1.768071] tsc: Refined TSC clocksource calibration: 2893.299 MHz\n[    1.770661] clocksource: tsc: mask: 0xffffffffffffffff max_cycles: 0x29b4889c8c0, max_idle_ns: 440795211360 ns\n[    2.630319] random: lvm: uninitialized urandom read (4 bytes read, 124 bits of entropy available)\n[    2.663130] EXT4-fs (xvda1): re-mounted. Opts: (null)\n[    2.675366] random: nonblocking pool is initialized\n[    2.805245] NET: Registered protocol family 10\n[    2.929779] ixgbevf 0000:00:03.0: NIC Link is Up 10 Gbps\n[    2.931297] IPv6: ADDRCONF(NETDEV_UP): eth0: link is not ready\n[    2.935117] IPv6: ADDRCONF(NETDEV_CHANGE): eth0: link becomes ready\n[    4.306965] netlink: 12 bytes leftover after parsing attributes in process `ip'.\n[    4.313058] ixgbevf: eth0: ixgbevf_change_mtu: changing MTU from 1500 to 9001\n[    4.445412] audit: type=1305 audit(1488318412.159:2): audit_pid=2150 old=0 auid=4294967295 ses=4294967295 res=1\n[   10.082768] ip_tables: (C) 2000-2006 Netfilter Core Team\n[   10.099734] nf_conntrack version 0.5.0 (16384 buckets, 65536 max)\n[   10.129438] IPv6: ADDRCONF(NETDEV_UP): vexternal_1: link is not ready\n[   10.200217] IPv6: ADDRCONF(NETDEV_UP): vexternal_2: link is not ready\n[   10.222081] IPv6: ADDRCONF(NETDEV_CHANGE): vexternal_1: link becomes ready\n[   10.230238] IPv6: ADDRCONF(NETDEV_UP): vtarget_1: link is not ready\n[   10.299056] ip6_tables: (C) 2000-2006 Netfilter Core Team\n[   10.310441] IPv6: ADDRCONF(NETDEV_CHANGE): vexternal_2: link becomes ready\n[   10.332446] IPv6: ADDRCONF(NETDEV_UP): vexternal_3: link is not ready\n[   10.426576] IPv6: ADDRCONF(NETDEV_UP): vexternal_4: link is not ready\n[   10.474741] IPv6: ADDRCONF(NETDEV_CHANGE): vexternal_3: link becomes ready\n[   10.481886] IPv6: ADDRCONF(NETDEV_UP): vtarget_2: link is not ready\n[   10.498962] IPv6: ADDRCONF(NETDEV_CHANGE): vexternal_4: link becomes ready\n[   10.522132] IPv6: ADDRCONF(NETDEV_UP): vexternal_5: link is not ready\n[   10.604777] IPv6: ADDRCONF(NETDEV_UP): vexternal_6: link is not ready\n[   10.649761] IPv6: ADDRCONF(NETDEV_CHANGE): vexternal_5: link becomes ready\n[   10.663031] IPv6: ADDRCONF(NETDEV_UP): vtarget_3: link is not ready\n[   10.687623] IPv6: ADDRCONF(NETDEV_CHANGE): vexternal_6: link becomes ready\n[   10.742582] IPv6: ADDRCONF(NETDEV_UP): vexternal_7: link is not ready\n[   10.844736] IPv6: ADDRCONF(NETDEV_UP): vexternal_8: link is not ready\n[   10.912612] IPv6: ADDRCONF(NETDEV_CHANGE): vexternal_7: link becomes ready\n[   10.929059] IPv6: ADDRCONF(NETDEV_UP): vtarget_4: link is not ready\n[   10.954079] IPv6: ADDRCONF(NETDEV_CHANGE): vexternal_8: link becomes ready\n[   10.975885] IPv6: ADDRCONF(NETDEV_UP): vexternal_9: link is not ready\n[   11.064924] IPv6: ADDRCONF(NETDEV_UP): vexternal_10: link is not ready\n[   11.127086] IPv6: ADDRCONF(NETDEV_CHANGE): vexternal_9: link becomes ready\n[   11.133317] IPv6: ADDRCONF(NETDEV_UP): vtarget_5: link is not ready\n[   11.158171] IPv6: ADDRCONF(NETDEV_CHANGE): vexternal_10: link becomes ready\n[   11.187784] IPv6: ADDRCONF(NETDEV_UP): vexternal_11: link is not ready\n[   11.257136] IPv6: ADDRCONF(NETDEV_UP): vexternal_12: link is not ready\n[   11.303682] IPv6: ADDRCONF(NETDEV_CHANGE): vexternal_11: link becomes ready\n[   11.315200] IPv6: ADDRCONF(NETDEV_UP): vtarget_6: link is not ready\n[   11.348962] IPv6: ADDRCONF(NETDEV_CHANGE): vexternal_12: link becomes ready\n[   11.388389] IPv6: ADDRCONF(NETDEV_UP): vexternal_13: link is not ready\n[   11.489265] IPv6: ADDRCONF(NETDEV_UP): vexternal_14: link is not ready\n[   11.546125] IPv6: ADDRCONF(NETDEV_CHANGE): vexternal_13: link becomes ready\n[   11.557887] IPv6: ADDRCONF(NETDEV_UP): vtarget_7: link is not ready\n[   11.587805] IPv6: ADDRCONF(NETDEV_CHANGE): vexternal_14: link becomes ready\n[   11.610536] IPv6: ADDRCONF(NETDEV_UP): vexternal_15: link is not ready\n[   11.687971] IPv6: ADDRCONF(NETDEV_UP): vexternal_16: link is not ready\n[   11.737357] IPv6: ADDRCONF(NETDEV_CHANGE): vexternal_15: link becomes ready\n[   11.753396] IPv6: ADDRCONF(NETDEV_UP): vtarget_8: link is not ready\n[   11.779081] IPv6: ADDRCONF(NETDEV_CHANGE): vexternal_16: link becomes ready\n[   11.814091] IPv6: ADDRCONF(NETDEV_UP): vexternal_17: link is not ready\n[   11.878164] IPv6: ADDRCONF(NETDEV_UP): vexternal_18: link is not ready\n[   11.931436] IPv6: ADDRCONF(NETDEV_CHANGE): vexternal_17: link becomes ready\n[   11.946720] IPv6: ADDRCONF(NETDEV_UP): vtarget_9: link is not ready\n[   11.966385] IPv6: ADDRCONF(NETDEV_CHANGE): vexternal_18: link becomes ready\n[   11.987534] IPv6: ADDRCONF(NETDEV_UP): vexternal_19: link is not ready\n[   12.062516] IPv6: ADDRCONF(NETDEV_UP): vexternal_20: link is not ready\n[   12.104546] IPv6: ADDRCONF(NETDEV_CHANGE): vexternal_19: link becomes ready\n[   12.113633] IPv6: ADDRCONF(NETDEV_UP): vtarget_10: link is not ready\n[   12.130098] IPv6: ADDRCONF(NETDEV_CHANGE): vexternal_20: link becomes ready\n[   12.165115] IPv6: ADDRCONF(NETDEV_UP): vexternal_21: link is not ready\n[   12.256123] IPv6: ADDRCONF(NETDEV_UP): vexternal_22: link is not ready\n[   12.297625] IPv6: ADDRCONF(NETDEV_CHANGE): vexternal_21: link becomes ready\n[   12.305175] IPv6: ADDRCONF(NETDEV_UP): vtarget_11: link is not ready\n[   12.320782] IPv6: ADDRCONF(NETDEV_CHANGE): vexternal_22: link becomes ready\n[   12.338943] IPv6: ADDRCONF(NETDEV_UP): vexternal_23: link is not ready\n[   12.406613] IPv6: ADDRCONF(NETDEV_UP): vexternal_24: link is not ready\n[   12.429968] IPv6: ADDRCONF(NETDEV_CHANGE): vexternal_23: link becomes ready\n[   12.435658] IPv6: ADDRCONF(NETDEV_UP): vtarget_12: link is not ready\n[   12.451178] IPv6: ADDRCONF(NETDEV_CHANGE): vexternal_24: link becomes ready\n[   12.469937] IPv6: ADDRCONF(NETDEV_UP): vexternal_25: link is not ready\n[   12.543817] IPv6: ADDRCONF(NETDEV_UP): vexternal_26: link is not ready\n[   12.583035] IPv6: ADDRCONF(NETDEV_CHANGE): vexternal_25: link becomes ready\n[   12.589854] IPv6: ADDRCONF(NETDEV_UP): vtarget_13: link is not ready\n[   12.606307] IPv6: ADDRCONF(NETDEV_CHANGE): vexternal_26: link becomes ready\n[   12.625808] IPv6: ADDRCONF(NETDEV_UP): vexternal_27: link is not ready\n[   12.687039] IPv6: ADDRCONF(NETDEV_UP): vexternal_28: link is not ready\n[   12.715469] IPv6: ADDRCONF(NETDEV_CHANGE): vexternal_27: link becomes ready\n[   12.721299] IPv6: ADDRCONF(NETDEV_UP): vtarget_14: link is not ready\n[   12.740648] IPv6: ADDRCONF(NETDEV_CHANGE): vexternal_28: link becomes ready\n[   12.760881] IPv6: ADDRCONF(NETDEV_UP): vexternal_29: link is not ready\n[   12.831143] IPv6: ADDRCONF(NETDEV_UP): vexternal_30: link is not ready\n[   12.862062] IPv6: ADDRCONF(NETDEV_CHANGE): vexternal_29: link becomes ready\n[   12.869468] IPv6: ADDRCONF(NETDEV_UP): vtarget_15: link is not ready\n[   12.885085] IPv6: ADDRCONF(NETDEV_CHANGE): vexternal_30: link becomes ready\n[   12.904652] IPv6: ADDRCONF(NETDEV_UP): vexternal_31: link is not ready\n[   12.958797] IPv6: ADDRCONF(NETDEV_UP): vexternal_32: link is not ready\n[   12.982239] IPv6: ADDRCONF(NETDEV_CHANGE): vexternal_31: link becomes ready\n[   12.987938] IPv6: ADDRCONF(NETDEV_UP): vtarget_16: link is not ready\n[   13.004404] IPv6: ADDRCONF(NETDEV_CHANGE): vexternal_32: link becomes ready\n[   13.023578] IPv6: ADDRCONF(NETDEV_UP): vexternal_33: link is not ready\n[   13.092697] IPv6: ADDRCONF(NETDEV_UP): vexternal_34: link is not ready\n[   13.140141] IPv6: ADDRCONF(NETDEV_CHANGE): vexternal_33: link becomes ready\n[   13.147918] IPv6: ADDRCONF(NETDEV_UP): vtarget_17: link is not ready\n[   13.163891] IPv6: ADDRCONF(NETDEV_CHANGE): vexternal_34: link becomes ready\n[   13.183683] IPv6: ADDRCONF(NETDEV_UP): vexternal_35: link is not ready\n[   13.246574] IPv6: ADDRCONF(NETDEV_UP): vexternal_36: link is not ready\n[   13.269053] IPv6: ADDRCONF(NETDEV_CHANGE): vexternal_35: link becomes ready\n[   13.275275] IPv6: ADDRCONF(NETDEV_UP): vtarget_18: link is not ready\n[   13.292629] IPv6: ADDRCONF(NETDEV_CHANGE): vexternal_36: link becomes ready\n[   13.314835] IPv6: ADDRCONF(NETDEV_UP): vexternal_37: link is not ready\n[   13.384455] IPv6: ADDRCONF(NETDEV_UP): vexternal_38: link is not ready\n[   13.420026] IPv6: ADDRCONF(NETDEV_CHANGE): vexternal_37: link becomes ready\n[   13.430336] IPv6: ADDRCONF(NETDEV_UP): vtarget_19: link is not ready\n[   13.446657] IPv6: ADDRCONF(NETDEV_CHANGE): vexternal_38: link becomes ready\n[   13.465689] IPv6: ADDRCONF(NETDEV_UP): vexternal_39: link is not ready\n[   13.522284] IPv6: ADDRCONF(NETDEV_UP): vexternal_40: link is not ready\n[   13.554627] IPv6: ADDRCONF(NETDEV_CHANGE): vexternal_39: link becomes ready\n[   13.562316] IPv6: ADDRCONF(NETDEV_UP): vtarget_20: link is not ready\n[   13.582853] IPv6: ADDRCONF(NETDEV_CHANGE): vexternal_40: link becomes ready\n[   13.602245] IPv6: ADDRCONF(NETDEV_UP): vexternal_41: link is not ready\n[   13.667013] IPv6: ADDRCONF(NETDEV_UP): vexternal_42: link is not ready\n[   13.685828] IPv6: ADDRCONF(NETDEV_CHANGE): vexternal_41: link becomes ready\n[   13.691736] IPv6: ADDRCONF(NETDEV_UP): vtarget_21: link is not ready\n[   13.707880] IPv6: ADDRCONF(NETDEV_CHANGE): vexternal_42: link becomes ready\n[   13.727288] IPv6: ADDRCONF(NETDEV_UP): vexternal_43: link is not ready\n[   13.818608] IPv6: ADDRCONF(NETDEV_UP): vexternal_44: link is not ready\n[   13.848937] IPv6: ADDRCONF(NETDEV_CHANGE): vexternal_43: link becomes ready\n[   13.854747] IPv6: ADDRCONF(NETDEV_UP): vtarget_22: link is not ready\n[   13.867591] IPv6: ADDRCONF(NETDEV_CHANGE): vexternal_44: link becomes ready\n[   13.903961] IPv6: ADDRCONF(NETDEV_UP): vexternal_45: link is not ready\n[   13.979533] IPv6: ADDRCONF(NETDEV_UP): vexternal_46: link is not ready\n[   14.022847] IPv6: ADDRCONF(NETDEV_CHANGE): vexternal_45: link becomes ready\n[   14.033923] IPv6: ADDRCONF(NETDEV_UP): vtarget_23: link is not ready\n[   14.049213] IPv6: ADDRCONF(NETDEV_CHANGE): vexternal_46: link becomes ready\n[   14.067492] IPv6: ADDRCONF(NETDEV_UP): vexternal_47: link is not ready\n[   14.123041] IPv6: ADDRCONF(NETDEV_UP): vexternal_48: link is not ready\n[   14.157269] IPv6: ADDRCONF(NETDEV_CHANGE): vexternal_47: link becomes ready\n[   14.163419] IPv6: ADDRCONF(NETDEV_UP): vtarget_24: link is not ready\n[   14.183742] IPv6: ADDRCONF(NETDEV_CHANGE): vexternal_48: link becomes ready\n[   14.207268] IPv6: ADDRCONF(NETDEV_UP): vexternal_49: link is not ready\n[   14.271199] IPv6: ADDRCONF(NETDEV_UP): vexternal_50: link is not ready\n[   14.301531] IPv6: ADDRCONF(NETDEV_CHANGE): vexternal_49: link becomes ready\n[   14.306711] IPv6: ADDRCONF(NETDEV_UP): vtarget_25: link is not ready\n[   14.318933] IPv6: ADDRCONF(NETDEV_CHANGE): vexternal_50: link becomes ready\n[   14.337060] IPv6: ADDRCONF(NETDEV_UP): vexternal_51: link is not ready\n[   14.399784] IPv6: ADDRCONF(NETDEV_UP): vexternal_52: link is not ready\n[   14.433057] IPv6: ADDRCONF(NETDEV_CHANGE): vexternal_51: link becomes ready\n[   14.440032] IPv6: ADDRCONF(NETDEV_UP): vtarget_26: link is not ready\n[   14.478487] IPv6: ADDRCONF(NETDEV_CHANGE): vexternal_52: link becomes ready\n[   14.750683] loop: module loaded\n[   14.787327] EXT4-fs (loop0): mounted filesystem with ordered data mode. Opts: (null)\n[   14.803579] EXT4-fs (loop1): mounted filesystem with ordered data mode. Opts: (null)\n[   14.808657] EXT4-fs (loop2): mounted filesystem with ordered data mode. Opts: (null)\n[   14.812185] EXT4-fs (loop3): mounted filesystem with ordered data mode. Opts: (null)\n[   14.816146] EXT4-fs (loop4): mounted filesystem with ordered data mode. Opts: (null)\n[   14.836775] EXT4-fs (loop5): mounted filesystem with ordered data mode. Opts: (null)\n[ 2218.893812] EXT4-fs (loop0): mounted filesystem with ordered data mode. Opts: (null)\n",
  "env": {
    "AWS_LAMBDA_FUNCTION_VERSION": "$LATEST",
    "LAMBDA_TASK_ROOT": "/var/task",
    "PATH": "/usr/local/bin:/usr/bin/:/bin",
    "LD_LIBRARY_PATH": "/lib64:/usr/lib64:/var/runtime:/var/runtime/lib:/var/task:/var/task/lib",
    "LANG": "en_US.UTF-8",
    "AWS_LAMBDA_FUNCTION_NAME": "env-test2",
    "AWS_REGION": "us-west-2",
    "AWS_SESSION_TOKEN": "FQoDYX_REDACTED",
    "AWS_SECURITY_TOKEN": "FQoDYX_REDACTED",
    "LAMBDA_RUNTIME_DIR": "/var/runtime",
    "AWS_LAMBDA_FUNCTION_MEMORY_SIZE": "128",
    "PYTHONPATH": "/var/runtime",
    "AWS_LAMBDA_LOG_GROUP_NAME": "/aws/lambda/env-test2",
    "AWS_LAMBDA_LOG_STREAM_NAME": "2017/02/28/[$LATEST]9ceafacc72334e9d9fa4f952999e71af",
    "AWS_ACCESS_KEY_ID": "ASIAJCV7GQJSD6WFUSWQ",
    "AWS_DEFAULT_REGION": "us-west-2",
    "AWS_SECRET_ACCESS_KEY": "qOR9LBn_REDACTED",
    "AWS_EXECUTION_ENV": "AWS_Lambda_python2.7"
  },
  "warm_since": "None",
  "packages": [
    "is_warm",
    "main",
    "bootstrap",
    "runtime",
    "wsgi",
    "awslambda",
    "boto3",
    "botocore",
    "concurrent",
    "dateutil",
    "docutils",
    "jmespath",
    "liblambdaio",
    "liblambdaipc",
    "liblambdaruntime",
    "s3transfer",
    "six",
    "BaseHTTPServer",
    "Bastion",
    "CGIHTTPServer",
    "ConfigParser",
    "Cookie",
    "DocXMLRPCServer",
    "HTMLParser",
    "MimeWriter",
    "Queue",
    "SimpleHTTPServer",
    "SimpleXMLRPCServer",
    "SocketServer",
    "StringIO",
    "UserDict",
    "UserList",
    "UserString",
    "_LWPCookieJar",
    "_MozillaCookieJar",
    "__future__",
    "_abcoll",
    "_osx_support",
    "_pyio",
    "_strptime",
    "_sysconfigdata",
    "_threading_local",
    "_weakrefset",
    "abc",
    "aifc",
    "antigravity",
    "anydbm",
    "argparse",
    "ast",
    "asynchat",
    "asyncore",
    "atexit",
    "audiodev",
    "base64",
    "bdb",
    "binhex",
    "bisect",
    "bsddb",
    "cProfile",
    "calendar",
    "cgi",
    "cgitb",
    "chunk",
    "cmd",
    "code",
    "codecs",
    "codeop",
    "collections",
    "colorsys",
    "commands",
    "compileall",
    "compiler",
    "contextlib",
    "cookielib",
    "copy",
    "copy_reg",
    "crypt",
    "csv",
    "ctypes",
    "curses",
    "dbhash",
    "decimal",
    "difflib",
    "dircache",
    "dis",
    "distutils",
    "doctest",
    "dumbdbm",
    "dummy_thread",
    "dummy_threading",
    "email",
    "encodings",
    "ensurepip",
    "filecmp",
    "fileinput",
    "fnmatch",
    "formatter",
    "fpformat",
    "fractions",
    "ftplib",
    "functools",
    "genericpath",
    "getopt",
    "getpass",
    "gettext",
    "glob",
    "gzip",
    "hashlib",
    "heapq",
    "hmac",
    "hotshot",
    "htmlentitydefs",
    "htmllib",
    "httplib",
    "ihooks",
    "imaplib",
    "imghdr",
    "importlib",
    "imputil",
    "inspect",
    "io",
    "json",
    "keyword",
    "lib2to3",
    "linecache",
    "locale",
    "logging",
    "macpath",
    "macurl2path",
    "mailbox",
    "mailcap",
    "markupbase",
    "md5",
    "mhlib",
    "mimetools",
    "mimetypes",
    "mimify",
    "modulefinder",
    "multifile",
    "multiprocessing",
    "mutex",
    "netrc",
    "new",
    "nntplib",
    "ntpath",
    "nturl2path",
    "numbers",
    "opcode",
    "optparse",
    "os",
    "os2emxpath",
    "pdb",
    "pickle",
    "pickletools",
    "pipes",
    "pkgutil",
    "platform",
    "plistlib",
    "popen2",
    "poplib",
    "posixfile",
    "posixpath",
    "pprint",
    "profile",
    "pstats",
    "pty",
    "py_compile",
    "pyclbr",
    "pydoc",
    "pydoc_data",
    "quopri",
    "random",
    "re",
    "repr",
    "rexec",
    "rfc822",
    "rlcompleter",
    "robotparser",
    "runpy",
    "sched",
    "sets",
    "sgmllib",
    "sha",
    "shelve",
    "shlex",
    "shutil",
    "site",
    "smtpd",
    "smtplib",
    "sndhdr",
    "socket",
    "sqlite3",
    "sre",
    "sre_compile",
    "sre_constants",
    "sre_parse",
    "ssl",
    "stat",
    "statvfs",
    "string",
    "stringold",
    "stringprep",
    "struct",
    "subprocess",
    "sunau",
    "sunaudio",
    "symbol",
    "symtable",
    "sysconfig",
    "tabnanny",
    "tarfile",
    "telnetlib",
    "tempfile",
    "test",
    "textwrap",
    "this",
    "threading",
    "timeit",
    "toaiff",
    "token",
    "tokenize",
    "trace",
    "traceback",
    "tty",
    "types",
    "unittest",
    "urllib",
    "urllib2",
    "urlparse",
    "user",
    "uu",
    "uuid",
    "warnings",
    "wave",
    "weakref",
    "webbrowser",
    "whichdb",
    "wsgiref",
    "xdrlib",
    "xml",
    "xmllib",
    "xmlrpclib",
    "zipfile",
    "CDROM",
    "DLFCN",
    "IN",
    "TYPES",
    "_bisect",
    "_bsddb",
    "_codecs_cn",
    "_codecs_hk",
    "_codecs_iso2022",
    "_codecs_jp",
    "_codecs_kr",
    "_codecs_tw",
    "_collections",
    "_crypt",
    "_csv",
    "_ctypes",
    "_curses",
    "_curses_panel",
    "_elementtree",
    "_functools",
    "_hashlib",
    "_heapq",
    "_hotshot",
    "_io",
    "_json",
    "_locale",
    "_lsprof",
    "_multibytecodec",
    "_multiprocessing",
    "_random",
    "_socket",
    "_sqlite3",
    "_ssl",
    "_struct",
    "array",
    "audioop",
    "binascii",
    "bz2",
    "cPickle",
    "cStringIO",
    "cmath",
    "datetime",
    "dbm",
    "dl",
    "fcntl",
    "future_builtins",
    "gdbm",
    "grp",
    "imageop",
    "itertools",
    "linuxaudiodev",
    "math",
    "mmap",
    "nis",
    "operator",
    "ossaudiodev",
    "parser",
    "pyexpat",
    "readline",
    "resource",
    "select",
    "spwd",
    "strop",
    "syslog",
    "termios",
    "time",
    "timing",
    "unicodedata",
    "xxsubtype",
    "zlib",
    "_sqlitecache",
    "curl",
    "gpgme",
    "liblzma",
    "lzma",
    "pycurl",
    "rpm",
    "sqlitecachec",
    "xattr",
    "iniparse",
    "rpmUtils",
    "urlgrabber",
    "yum"
  ],
  "is_warm": false
}
